Archive member included to satisfy reference by file (symbol)

c:/users/mike/downloads/gcc-arm-none-eabi-10.3-2021.10-win32/gcc-arm-none-eabi-10.3-2021.10/bin/../lib/gcc/arm-none-eabi/10.3.1/thumb/v7e-m+fp/hard\libgcc.a(_arm_addsubdf3.o)
                              CMakeFiles\stackz_DEVICE.dir\src\stackz.c.obj (__aeabi_f2d)
c:/users/mike/downloads/gcc-arm-none-eabi-10.3-2021.10-win32/gcc-arm-none-eabi-10.3-2021.10/bin/../lib/gcc/arm-none-eabi/10.3.1/../../../../arm-none-eabi/lib/thumb/v7e-m+fp/hard\libc.a(lib_a-malloc.o)
                              CMakeFiles\stackz_DEVICE.dir\src\game.c.obj (malloc)
c:/users/mike/downloads/gcc-arm-none-eabi-10.3-2021.10-win32/gcc-arm-none-eabi-10.3-2021.10/bin/../lib/gcc/arm-none-eabi/10.3.1/../../../../arm-none-eabi/lib/thumb/v7e-m+fp/hard\libc.a(lib_a-memset.o)
                              CMakeFiles\stackz_DEVICE.dir\src\mini3d\3dmath.c.obj (memset)
c:/users/mike/downloads/gcc-arm-none-eabi-10.3-2021.10-win32/gcc-arm-none-eabi-10.3-2021.10/bin/../lib/gcc/arm-none-eabi/10.3.1/../../../../arm-none-eabi/lib/thumb/v7e-m+fp/hard\libc.a(lib_a-printf.o)
                              CMakeFiles\stackz_DEVICE.dir\src\mini3d\3dhelper.c.obj (printf)
c:/users/mike/downloads/gcc-arm-none-eabi-10.3-2021.10-win32/gcc-arm-none-eabi-10.3-2021.10/bin/../lib/gcc/arm-none-eabi/10.3.1/../../../../arm-none-eabi/lib/thumb/v7e-m+fp/hard\libc.a(lib_a-qsort.o)
                              CMakeFiles\stackz_DEVICE.dir\src\mini3d\scene.c.obj (qsort)
c:/users/mike/downloads/gcc-arm-none-eabi-10.3-2021.10-win32/gcc-arm-none-eabi-10.3-2021.10/bin/../lib/gcc/arm-none-eabi/10.3.1/../../../../arm-none-eabi/lib/thumb/v7e-m+fp/hard\libc.a(lib_a-strlen.o)
                              CMakeFiles\stackz_DEVICE.dir\src\stackz.c.obj (strlen)
c:/users/mike/downloads/gcc-arm-none-eabi-10.3-2021.10-win32/gcc-arm-none-eabi-10.3-2021.10/bin/../lib/gcc/arm-none-eabi/10.3.1/../../../../arm-none-eabi/lib/thumb/v7e-m+fp/hard\libc.a(lib_a-vfprintf.o)
                              c:/users/mike/downloads/gcc-arm-none-eabi-10.3-2021.10-win32/gcc-arm-none-eabi-10.3-2021.10/bin/../lib/gcc/arm-none-eabi/10.3.1/../../../../arm-none-eabi/lib/thumb/v7e-m+fp/hard\libc.a(lib_a-printf.o) (_vfprintf_r)
c:/users/mike/downloads/gcc-arm-none-eabi-10.3-2021.10-win32/gcc-arm-none-eabi-10.3-2021.10/bin/../lib/gcc/arm-none-eabi/10.3.1/../../../../arm-none-eabi/lib/thumb/v7e-m+fp/hard\libc.a(lib_a-wsetup.o)
                              c:/users/mike/downloads/gcc-arm-none-eabi-10.3-2021.10-win32/gcc-arm-none-eabi-10.3-2021.10/bin/../lib/gcc/arm-none-eabi/10.3.1/../../../../arm-none-eabi/lib/thumb/v7e-m+fp/hard\libc.a(lib_a-vfprintf.o) (__swsetup_r)
c:/users/mike/downloads/gcc-arm-none-eabi-10.3-2021.10-win32/gcc-arm-none-eabi-10.3-2021.10/bin/../lib/gcc/arm-none-eabi/10.3.1/../../../../arm-none-eabi/lib/thumb/v7e-m+fp/hard\libc.a(lib_a-dtoa.o)
                              c:/users/mike/downloads/gcc-arm-none-eabi-10.3-2021.10-win32/gcc-arm-none-eabi-10.3-2021.10/bin/../lib/gcc/arm-none-eabi/10.3.1/../../../../arm-none-eabi/lib/thumb/v7e-m+fp/hard\libc.a(lib_a-vfprintf.o) (_dtoa_r)
c:/users/mike/downloads/gcc-arm-none-eabi-10.3-2021.10-win32/gcc-arm-none-eabi-10.3-2021.10/bin/../lib/gcc/arm-none-eabi/10.3.1/../../../../arm-none-eabi/lib/thumb/v7e-m+fp/hard\libc.a(lib_a-fflush.o)
                              c:/users/mike/downloads/gcc-arm-none-eabi-10.3-2021.10-win32/gcc-arm-none-eabi-10.3-2021.10/bin/../lib/gcc/arm-none-eabi/10.3.1/../../../../arm-none-eabi/lib/thumb/v7e-m+fp/hard\libc.a(lib_a-vfprintf.o) (_fflush_r)
c:/users/mike/downloads/gcc-arm-none-eabi-10.3-2021.10-win32/gcc-arm-none-eabi-10.3-2021.10/bin/../lib/gcc/arm-none-eabi/10.3.1/../../../../arm-none-eabi/lib/thumb/v7e-m+fp/hard\libc.a(lib_a-findfp.o)
                              c:/users/mike/downloads/gcc-arm-none-eabi-10.3-2021.10-win32/gcc-arm-none-eabi-10.3-2021.10/bin/../lib/gcc/arm-none-eabi/10.3.1/../../../../arm-none-eabi/lib/thumb/v7e-m+fp/hard\libc.a(lib_a-vfprintf.o) (__sinit)
c:/users/mike/downloads/gcc-arm-none-eabi-10.3-2021.10-win32/gcc-arm-none-eabi-10.3-2021.10/bin/../lib/gcc/arm-none-eabi/10.3.1/../../../../arm-none-eabi/lib/thumb/v7e-m+fp/hard\libc.a(lib_a-fwalk.o)
                              c:/users/mike/downloads/gcc-arm-none-eabi-10.3-2021.10-win32/gcc-arm-none-eabi-10.3-2021.10/bin/../lib/gcc/arm-none-eabi/10.3.1/../../../../arm-none-eabi/lib/thumb/v7e-m+fp/hard\libc.a(lib_a-findfp.o) (_fwalk)
c:/users/mike/downloads/gcc-arm-none-eabi-10.3-2021.10-win32/gcc-arm-none-eabi-10.3-2021.10/bin/../lib/gcc/arm-none-eabi/10.3.1/../../../../arm-none-eabi/lib/thumb/v7e-m+fp/hard\libc.a(lib_a-impure.o)
                              c:/users/mike/downloads/gcc-arm-none-eabi-10.3-2021.10-win32/gcc-arm-none-eabi-10.3-2021.10/bin/../lib/gcc/arm-none-eabi/10.3.1/../../../../arm-none-eabi/lib/thumb/v7e-m+fp/hard\libc.a(lib_a-fflush.o) (_global_impure_ptr)
[...]
Memory Configuration

Name             Origin             Length             Attributes
*default*        0x00000000         0xffffffff

Linker script and memory map

LOAD CMakeFiles\stackz_DEVICE.dir\src\game.c.obj
LOAD CMakeFiles\stackz_DEVICE.dir\src\main.c.obj
LOAD CMakeFiles\stackz_DEVICE.dir\src\stackz.c.obj
LOAD CMakeFiles\stackz_DEVICE.dir\src\mini3d\3dhelper.c.obj
LOAD CMakeFiles\stackz_DEVICE.dir\src\mini3d\3dmath.c.obj
LOAD CMakeFiles\stackz_DEVICE.dir\src\mini3d\mini3d.c.obj
LOAD CMakeFiles\stackz_DEVICE.dir\src\mini3d\render.c.obj
LOAD CMakeFiles\stackz_DEVICE.dir\src\mini3d\scene.c.obj
LOAD CMakeFiles\stackz_DEVICE.dir\src\mini3d\shape.c.obj
LOAD CMakeFiles\stackz_DEVICE.dir\C_\Users\Mike\Documents\PlaydateSDK\C_API\buildsupport\setup.c.obj
START GROUP
LOAD c:/users/mike/downloads/gcc-arm-none-eabi-10.3-2021.10-win32/gcc-arm-none-eabi-10.3-2021.10/bin/../lib/gcc/arm-none-eabi/10.3.1/thumb/v7e-m+fp/hard\libgcc.a
LOAD c:/users/mike/downloads/gcc-arm-none-eabi-10.3-2021.10-win32/gcc-arm-none-eabi-10.3-2021.10/bin/../lib/gcc/arm-none-eabi/10.3.1/../../../../arm-none-eabi/lib/thumb/v7e-m+fp/hard\libc.a
END GROUP
START GROUP
LOAD c:/users/mike/downloads/gcc-arm-none-eabi-10.3-2021.10-win32/gcc-arm-none-eabi-10.3-2021.10/bin/../lib/gcc/arm-none-eabi/10.3.1/thumb/v7e-m+fp/hard\libgcc.a
LOAD c:/users/mike/downloads/gcc-arm-none-eabi-10.3-2021.10-win32/gcc-arm-none-eabi-10.3-2021.10/bin/../lib/gcc/arm-none-eabi/10.3.1/../../../../arm-none-eabi/lib/thumb/v7e-m+fp/hard\libc.a
LOAD c:/users/mike/downloads/gcc-arm-none-eabi-10.3-2021.10-win32/gcc-arm-none-eabi-10.3-2021.10/bin/../lib/gcc/arm-none-eabi/10.3.1/../../../../arm-none-eabi/lib/thumb/v7e-m+fp/hard\libm.a
END GROUP

.text           0x00000000     0x5548
 *(.text)
 .text          0x00000000      0x378 c:/users/mike/downloads/gcc-arm-none-eabi-10.3-2021.10-win32/gcc-arm-none-eabi-10.3-2021.10/bin/../lib/gcc/arm-none-eabi/10.3.1/thumb/v7e-m+fp/hard\libgcc.a(_arm_addsubdf3.o)
                0x00000000                __aeabi_drsub
                0x00000008                __aeabi_dsub
                0x00000008                __subdf3
                0x0000000c                __aeabi_dadd
                0x0000000c                __adddf3
                0x00000284                __floatunsidf
                0x00000284                __aeabi_ui2d
                0x000002a4                __floatsidf
                0x000002a4                __aeabi_i2d
                0x000002c8                __aeabi_f2d
                0x000002c8                __extendsfdf2
                0x0000030c                __floatundidf
                0x0000030c                __aeabi_ul2d
                0x0000031c                __floatdidf
                0x0000031c                __aeabi_l2d
 *fill*         0x00000378        0x8 
 .text          0x00000380       0xdc c:/users/mike/downloads/gcc-arm-none-eabi-10.3-2021.10-win32/gcc-arm-none-eabi-10.3-2021.10/bin/../lib/gcc/arm-none-eabi/10.3.1/../../../../arm-none-eabi/lib/thumb/v7e-m+fp/hard\libc.a(lib_a-strlen.o)
                0x00000380                strlen
 *(.text.*)
 *fill*         0x0000045c        0x4 
 .text.InitGame
                0x00000460       0xe0 CMakeFiles\stackz_DEVICE.dir\src\game.c.obj
                0x00000460                InitGame
 .text.Update   0x00000540       0x28 CMakeFiles\stackz_DEVICE.dir\src\game.c.obj
                0x00000540                Update
 *fill*         0x00000568        0x8 
 .text.eventHandler
                0x00000570       0x24 CMakeFiles\stackz_DEVICE.dir\src\main.c.obj
                0x00000570                eventHandler
 *fill*         0x00000594        0xc 
 .text.InitStackzSceneData
                0x000005a0      0x19c CMakeFiles\stackz_DEVICE.dir\src\stackz.c.obj
                0x000005a0                InitStackzSceneData
 *fill*         0x0000073c        0x4 
 .text.updateStackz
                0x00000740      0x54c CMakeFiles\stackz_DEVICE.dir\src\stackz.c.obj
                0x00000740                updateStackz
 *fill*         0x00000c8c        0x4 
 .text.scene_new
                0x00000c90       0x1c CMakeFiles\stackz_DEVICE.dir\src\mini3d\3dhelper.c.obj
                0x00000c90                scene_new
 *fill*         0x00000cac        0x4 
 .text.scene_setCameraOrigin
                0x00000cb0       0x40 CMakeFiles\stackz_DEVICE.dir\src\mini3d\3dhelper.c.obj
                0x00000cb0                scene_setCameraOrigin
 .text.scene_setLight
                0x00000cf0        0x8 CMakeFiles\stackz_DEVICE.dir\src\mini3d\3dhelper.c.obj
                0x00000cf0                scene_setLight
 *fill*         0x00000cf8        0x8 
 .text.shape_new_cuboid
                0x00000d00      0x2c4 CMakeFiles\stackz_DEVICE.dir\src\mini3d\3dhelper.c.obj
                0x00000d00                shape_new_cuboid
 *fill*         0x00000fc4        0xc 
 .text.node_scaleBy
                0x00000fd0       0xf0 CMakeFiles\stackz_DEVICE.dir\src\mini3d\3dhelper.c.obj
                0x00000fd0                node_scaleBy
 .text.matrix_new
                0x000010c0       0x3c CMakeFiles\stackz_DEVICE.dir\src\mini3d\3dhelper.c.obj
                0x000010c0                matrix_new
 *fill*         0x000010fc        0x4 
 .text.matrix_updateRotation
                0x00001100       0xfc CMakeFiles\stackz_DEVICE.dir\src\mini3d\3dhelper.c.obj
                0x00001100                matrix_updateRotation
 *fill*         0x000011fc        0x4 
 .text.matrix_addTranslation
                0x00001200       0x40 CMakeFiles\stackz_DEVICE.dir\src\mini3d\3dhelper.c.obj
                0x00001200                matrix_addTranslation
 .text.Matrix3DMake
                0x00001240       0x40 CMakeFiles\stackz_DEVICE.dir\src\mini3d\3dmath.c.obj
                0x00001240                Matrix3DMake
 .text.Matrix3D_multiply
                0x00001280      0x280 CMakeFiles\stackz_DEVICE.dir\src\mini3d\3dmath.c.obj
                0x00001280                Matrix3D_multiply
 .text.Matrix3D_apply
                0x00001500       0xac CMakeFiles\stackz_DEVICE.dir\src\mini3d\3dmath.c.obj
                0x00001500                Matrix3D_apply
 *fill*         0x000015ac        0x4 
 .text.pnormal  0x000015b0       0x78 CMakeFiles\stackz_DEVICE.dir\src\mini3d\3dmath.c.obj
                0x000015b0                pnormal
 *fill*         0x00001628        0x8 
 .text.mini3d_setRealloc
                0x00001630        0xc CMakeFiles\stackz_DEVICE.dir\src\mini3d\mini3d.c.obj
                0x00001630                mini3d_setRealloc
 *fill*         0x0000163c        0x4 
 .text.drawFragment.part.0
                0x00001640       0xd4 CMakeFiles\stackz_DEVICE.dir\src\mini3d\render.c.obj
 *fill*         0x00001714        0xc 
 .text.drawFragment_zbuf.part.0
                0x00001720       0xd8 CMakeFiles\stackz_DEVICE.dir\src\mini3d\render.c.obj
 *fill*         0x000017f8        0x8 
 .text.fillRange_zbuf
                0x00001800      0x120 CMakeFiles\stackz_DEVICE.dir\src\mini3d\render.c.obj
 .text.fillRange
                0x00001920       0xcc CMakeFiles\stackz_DEVICE.dir\src\mini3d\render.c.obj
 *fill*         0x000019ec        0x4 
 .text.resetZBuffer
                0x000019f0       0x44 CMakeFiles\stackz_DEVICE.dir\src\mini3d\render.c.obj
                0x000019f0                resetZBuffer
 *fill*         0x00001a34        0xc 
 .text.drawLine_zbuf
                0x00001a40      0x360 CMakeFiles\stackz_DEVICE.dir\src\mini3d\render.c.obj
                0x00001a40                drawLine_zbuf
 .text.drawLine
                0x00001da0      0x250 CMakeFiles\stackz_DEVICE.dir\src\mini3d\render.c.obj
                0x00001da0                drawLine
 .text.fillTriangle
                0x00001ff0      0x2b4 CMakeFiles\stackz_DEVICE.dir\src\mini3d\render.c.obj
                0x00001ff0                fillTriangle
 *fill*         0x000022a4        0xc 
 .text.fillTriangle_zbuf
                0x000022b0      0x458 CMakeFiles\stackz_DEVICE.dir\src\mini3d\render.c.obj
                0x000022b0                fillTriangle_zbuf
 *fill*         0x00002708        0x8 
 .text.fillQuad
                0x00002710       0x3c CMakeFiles\stackz_DEVICE.dir\src\mini3d\render.c.obj
                0x00002710                fillQuad
 *fill*         0x0000274c        0x4 
 .text.fillQuad_zbuf
                0x00002750       0x3c CMakeFiles\stackz_DEVICE.dir\src\mini3d\render.c.obj
                0x00002750                fillQuad_zbuf
 *fill*         0x0000278c        0x4 
 .text.getShapesAtNode
                0x00002790       0x80 CMakeFiles\stackz_DEVICE.dir\src\mini3d\scene.c.obj
 .text.compareZ
                0x00002810       0x1c CMakeFiles\stackz_DEVICE.dir\src\mini3d\scene.c.obj
 *fill*         0x0000282c        0x4 
 .text.Scene3DNode_setTransform
                0x00002830       0x3c CMakeFiles\stackz_DEVICE.dir\src\mini3d\scene.c.obj
                0x00002830                Scene3DNode_setTransform
 *fill*         0x0000286c        0x4 
 .text.Scene3DNode_addTransform
                0x00002870       0x88 CMakeFiles\stackz_DEVICE.dir\src\mini3d\scene.c.obj
                0x00002870                Scene3DNode_addTransform
 *fill*         0x000028f8        0x8 
 .text.Scene3DNode_setRenderStyle
                0x00002900       0x14 CMakeFiles\stackz_DEVICE.dir\src\mini3d\scene.c.obj
                0x00002900                Scene3DNode_setRenderStyle
 *fill*         0x00002914        0xc 
 .text.Scene3DNode_getRenderStyle
                0x00002920       0x14 CMakeFiles\stackz_DEVICE.dir\src\mini3d\scene.c.obj
                0x00002920                Scene3DNode_getRenderStyle
 *fill*         0x00002934        0xc 
 .text.Scene3DNode_setVisible
                0x00002940       0x18 CMakeFiles\stackz_DEVICE.dir\src\mini3d\scene.c.obj
                0x00002940                Scene3DNode_setVisible
 *fill*         0x00002958        0x8 
 .text.Scene3DNode_addShapeWithTransform
                0x00002960      0x140 CMakeFiles\stackz_DEVICE.dir\src\mini3d\scene.c.obj
                0x00002960                Scene3DNode_addShapeWithTransform
 .text.Scene3DNode_addShape
                0x00002aa0       0x3c CMakeFiles\stackz_DEVICE.dir\src\mini3d\scene.c.obj
                0x00002aa0                Scene3DNode_addShape
 *fill*         0x00002adc        0x4 
 .text.Scene3DNode_newChild
                0x00002ae0       0x7c CMakeFiles\stackz_DEVICE.dir\src\mini3d\scene.c.obj
                0x00002ae0                Scene3DNode_newChild
 *fill*         0x00002b5c        0x4 
 .text.Scene3D_updateShapeInstance
                0x00002b60      0x218 CMakeFiles\stackz_DEVICE.dir\src\mini3d\scene.c.obj
                0x00002b60                Scene3D_updateShapeInstance
 *fill*         0x00002d78        0x8 
 .text.Scene3D_updateNode
                0x00002d80      0x150 CMakeFiles\stackz_DEVICE.dir\src\mini3d\scene.c.obj
                0x00002d80                Scene3D_updateNode
 .text.Scene3D_setGlobalLight
                0x00002ed0       0x20 CMakeFiles\stackz_DEVICE.dir\src\mini3d\scene.c.obj
                0x00002ed0                Scene3D_setGlobalLight
 .text.Scene3D_getRootNode
                0x00002ef0        0x4 CMakeFiles\stackz_DEVICE.dir\src\mini3d\scene.c.obj
                0x00002ef0                Scene3D_getRootNode
 *fill*         0x00002ef4        0xc 
 .text.Scene3D_setCamera
                0x00002f00      0x308 CMakeFiles\stackz_DEVICE.dir\src\mini3d\scene.c.obj
                0x00002f00                Scene3D_setCamera
 *fill*         0x00003208        0x8 
 .text.Scene3D_init
                0x00003210       0xb8 CMakeFiles\stackz_DEVICE.dir\src\mini3d\scene.c.obj
                0x00003210                Scene3D_init
 *fill*         0x000032c8        0x8 
 .text.Scene3D_drawNode
                0x000032d0      0x5b8 CMakeFiles\stackz_DEVICE.dir\src\mini3d\scene.c.obj
                0x000032d0                Scene3D_drawNode
 *fill*         0x00003888        0x8 
 .text.Scene3D_draw
                0x00003890       0x74 CMakeFiles\stackz_DEVICE.dir\src\mini3d\scene.c.obj
                0x00003890                Scene3D_draw
 *fill*         0x00003904        0xc 
 .text.Shape3D_init
                0x00003910       0x24 CMakeFiles\stackz_DEVICE.dir\src\mini3d\shape.c.obj
                0x00003910                Shape3D_init
 *fill*         0x00003934        0xc 
 .text.Shape3D_retain
                0x00003940        0x8 CMakeFiles\stackz_DEVICE.dir\src\mini3d\shape.c.obj
                0x00003940                Shape3D_retain
 *fill*         0x00003948        0x8 
 .text.Shape3D_addPoint
                0x00003950       0x94 CMakeFiles\stackz_DEVICE.dir\src\mini3d\shape.c.obj
                0x00003950                Shape3D_addPoint
 *fill*         0x000039e4        0xc 
 .text.Shape3D_addFace
                0x000039f0      0x1c4 CMakeFiles\stackz_DEVICE.dir\src\mini3d\shape.c.obj
                0x000039f0                Shape3D_addFace
 *fill*         0x00003bb4        0xc 
 .text.Shape3D_setClosed
                0x00003bc0       0x10 CMakeFiles\stackz_DEVICE.dir\src\mini3d\shape.c.obj
                0x00003bc0                Shape3D_setClosed
 .text.eventHandlerShim
                0x00003bd0       0x1c CMakeFiles\stackz_DEVICE.dir\C_\Users\Mike\Documents\PlaydateSDK\C_API\buildsupport\setup.c.obj
                0x00003bd0                eventHandlerShim
 *fill*         0x00003bec        0x4 
 .text._malloc_r
                0x00003bf0        0xc CMakeFiles\stackz_DEVICE.dir\C_\Users\Mike\Documents\PlaydateSDK\C_API\buildsupport\setup.c.obj
                0x00003bf0                _malloc_r
 .text.malloc   0x00003bfc       0x10 c:/users/mike/downloads/gcc-arm-none-eabi-10.3-2021.10-win32/gcc-arm-none-eabi-10.3-2021.10/bin/../lib/gcc/arm-none-eabi/10.3.1/../../../../arm-none-eabi/lib/thumb/v7e-m+fp/hard\libc.a(lib_a-malloc.o)
                0x00003bfc                malloc
 .text.memset   0x00003c0c       0xa4 c:/users/mike/downloads/gcc-arm-none-eabi-10.3-2021.10-win32/gcc-arm-none-eabi-10.3-2021.10/bin/../lib/gcc/arm-none-eabi/10.3.1/../../../../arm-none-eabi/lib/thumb/v7e-m+fp/hard\libc.a(lib_a-memset.o)
                0x00003c0c                memset
 .text.qsort    0x00003cb0      0x634 c:/users/mike/downloads/gcc-arm-none-eabi-10.3-2021.10-win32/gcc-arm-none-eabi-10.3-2021.10/bin/../lib/gcc/arm-none-eabi/10.3.1/../../../../arm-none-eabi/lib/thumb/v7e-m+fp/hard\libc.a(lib_a-qsort.o)
                0x00003cb0                qsort
 .text.cosf     0x000042e4       0x70 c:/users/mike/downloads/gcc-arm-none-eabi-10.3-2021.10-win32/gcc-arm-none-eabi-10.3-2021.10/bin/../lib/gcc/arm-none-eabi/10.3.1/../../../../arm-none-eabi/lib/thumb/v7e-m+fp/hard\libm.a(lib_a-sf_cos.o)
                0x000042e4                cosf
 .text.sinf     0x00004354       0x74 c:/users/mike/downloads/gcc-arm-none-eabi-10.3-2021.10-win32/gcc-arm-none-eabi-10.3-2021.10/bin/../lib/gcc/arm-none-eabi/10.3.1/../../../../arm-none-eabi/lib/thumb/v7e-m+fp/hard\libm.a(lib_a-sf_sin.o)
                0x00004354                sinf
 .text.__ieee754_rem_pio2f
                0x000043c8      0x264 c:/users/mike/downloads/gcc-arm-none-eabi-10.3-2021.10-win32/gcc-arm-none-eabi-10.3-2021.10/bin/../lib/gcc/arm-none-eabi/10.3.1/../../../../arm-none-eabi/lib/thumb/v7e-m+fp/hard\libm.a(lib_a-ef_rem_pio2.o)
                0x000043c8                __ieee754_rem_pio2f
 .text.__kernel_cosf
                0x0000462c      0x104 c:/users/mike/downloads/gcc-arm-none-eabi-10.3-2021.10-win32/gcc-arm-none-eabi-10.3-2021.10/bin/../lib/gcc/arm-none-eabi/10.3.1/../../../../arm-none-eabi/lib/thumb/v7e-m+fp/hard\libm.a(lib_a-kf_cos.o)
                0x0000462c                __kernel_cosf
 .text.__kernel_rem_pio2f
                0x00004730      0x674 c:/users/mike/downloads/gcc-arm-none-eabi-10.3-2021.10-win32/gcc-arm-none-eabi-10.3-2021.10/bin/../lib/gcc/arm-none-eabi/10.3.1/../../../../arm-none-eabi/lib/thumb/v7e-m+fp/hard\libm.a(lib_a-kf_rem_pio2.o)
                0x00004730                __kernel_rem_pio2f
 .text.__kernel_sinf
                0x00004da4       0x90 c:/users/mike/downloads/gcc-arm-none-eabi-10.3-2021.10-win32/gcc-arm-none-eabi-10.3-2021.10/bin/../lib/gcc/arm-none-eabi/10.3.1/../../../../arm-none-eabi/lib/thumb/v7e-m+fp/hard\libm.a(lib_a-kf_sin.o)
                0x00004da4                __kernel_sinf
 .text.fabsf    0x00004e34       0x10 c:/users/mike/downloads/gcc-arm-none-eabi-10.3-2021.10-win32/gcc-arm-none-eabi-10.3-2021.10/bin/../lib/gcc/arm-none-eabi/10.3.1/../../../../arm-none-eabi/lib/thumb/v7e-m+fp/hard\libm.a(lib_a-sf_fabs.o)
                0x00004e34                fabsf
 .text.floorf   0x00004e44       0x8c c:/users/mike/downloads/gcc-arm-none-eabi-10.3-2021.10-win32/gcc-arm-none-eabi-10.3-2021.10/bin/../lib/gcc/arm-none-eabi/10.3.1/../../../../arm-none-eabi/lib/thumb/v7e-m+fp/hard\libm.a(lib_a-sf_floor.o)
                0x00004e44                floorf
 .text.scalbnf  0x00004ed0       0xe4 c:/users/mike/downloads/gcc-arm-none-eabi-10.3-2021.10-win32/gcc-arm-none-eabi-10.3-2021.10/bin/../lib/gcc/arm-none-eabi/10.3.1/../../../../arm-none-eabi/lib/thumb/v7e-m+fp/hard\libm.a(lib_a-sf_scalbn.o)
                0x00004ed0                scalbnf
 *(.init)
 *(.fini)
 *crtbegin.o(.ctors)
 *crtbegin?.o(.ctors)
 *(EXCLUDE_FILE(*crtend.o *crtend?.o) .ctors)
 *(SORT_BY_NAME(.ctors.*))
 *(.ctors)
 *crtbegin.o(.dtors)
 *crtbegin?.o(.dtors)
 *(EXCLUDE_FILE(*crtend.o *crtend?.o) .dtors)
 *(SORT_BY_NAME(.dtors.*))
 *(.dtors)
 *(.rodata*)
 .rodata.InitGame.str1.4
                0x00004fb4       0x57 CMakeFiles\stackz_DEVICE.dir\src\game.c.obj
 *fill*         0x0000500b        0x1 
 .rodata.InitStackzSceneData.str1.4
                0x0000500c       0x2b CMakeFiles\stackz_DEVICE.dir\src\stackz.c.obj
 *fill*         0x00005037        0x1 
 .rodata.updateStackz.str1.4
                0x00005038       0x83 CMakeFiles\stackz_DEVICE.dir\src\stackz.c.obj
 *fill*         0x000050bb        0x1 
 .rodata.LCD_PATTERN_DITHER_GREY05
                0x000050bc       0x10 CMakeFiles\stackz_DEVICE.dir\src\stackz.c.obj
                0x000050bc                LCD_PATTERN_DITHER_GREY05
 .rodata.LCD_PATTERN_DITHER_GREY10
                0x000050cc       0x10 CMakeFiles\stackz_DEVICE.dir\src\stackz.c.obj
                0x000050cc                LCD_PATTERN_DITHER_GREY10
 .rodata.LCD_PATTERN_DITHER_GREY15
                0x000050dc       0x10 CMakeFiles\stackz_DEVICE.dir\src\stackz.c.obj
                0x000050dc                LCD_PATTERN_DITHER_GREY15
 .rodata.LCD_PATTERN_DITHER_GREY20
                0x000050ec       0x10 CMakeFiles\stackz_DEVICE.dir\src\stackz.c.obj
                0x000050ec                LCD_PATTERN_DITHER_GREY20
 .rodata.LCD_PATTERN_DITHER_GREY25
                0x000050fc       0x10 CMakeFiles\stackz_DEVICE.dir\src\stackz.c.obj
                0x000050fc                LCD_PATTERN_DITHER_GREY25
 .rodata.LCD_PATTERN_DITHER_GREY30
                0x0000510c       0x10 CMakeFiles\stackz_DEVICE.dir\src\stackz.c.obj
                0x0000510c                LCD_PATTERN_DITHER_GREY30
 .rodata.LCD_PATTERN_DITHER_GREY35
                0x0000511c       0x10 CMakeFiles\stackz_DEVICE.dir\src\stackz.c.obj
                0x0000511c                LCD_PATTERN_DITHER_GREY35
 .rodata.LCD_PATTERN_DITHER_GREY40
                0x0000512c       0x10 CMakeFiles\stackz_DEVICE.dir\src\stackz.c.obj
                0x0000512c                LCD_PATTERN_DITHER_GREY40
 .rodata.LCD_PATTERN_DITHER_GREY45
                0x0000513c       0x10 CMakeFiles\stackz_DEVICE.dir\src\stackz.c.obj
                0x0000513c                LCD_PATTERN_DITHER_GREY45
 .rodata.LCD_PATTERN_DITHER_GREY50_ALT1
                0x0000514c       0x10 CMakeFiles\stackz_DEVICE.dir\src\stackz.c.obj
                0x0000514c                LCD_PATTERN_DITHER_GREY50_ALT1
 .rodata.LCD_PATTERN_DITHER_GREY60
                0x0000515c       0x10 CMakeFiles\stackz_DEVICE.dir\src\stackz.c.obj
                0x0000515c                LCD_PATTERN_DITHER_GREY60
 .rodata.cameraLookat
                0x0000516c        0xc CMakeFiles\stackz_DEVICE.dir\src\mini3d\3dhelper.c.obj
 .rodata.npio2_hw
                0x00005178       0x80 c:/users/mike/downloads/gcc-arm-none-eabi-10.3-2021.10-win32/gcc-arm-none-eabi-10.3-2021.10/bin/../lib/gcc/arm-none-eabi/10.3.1/../../../../arm-none-eabi/lib/thumb/v7e-m+fp/hard\libm.a(lib_a-ef_rem_pio2.o)
 .rodata.two_over_pi
                0x000051f8      0x318 c:/users/mike/downloads/gcc-arm-none-eabi-10.3-2021.10-win32/gcc-arm-none-eabi-10.3-2021.10/bin/../lib/gcc/arm-none-eabi/10.3.1/../../../../arm-none-eabi/lib/thumb/v7e-m+fp/hard\libm.a(lib_a-ef_rem_pio2.o)
 .rodata.PIo2   0x00005510       0x2c c:/users/mike/downloads/gcc-arm-none-eabi-10.3-2021.10-win32/gcc-arm-none-eabi-10.3-2021.10/bin/../lib/gcc/arm-none-eabi/10.3.1/../../../../arm-none-eabi/lib/thumb/v7e-m+fp/hard\libm.a(lib_a-kf_rem_pio2.o)
 .rodata.init_jk
                0x0000553c        0xc c:/users/mike/downloads/gcc-arm-none-eabi-10.3-2021.10-win32/gcc-arm-none-eabi-10.3-2021.10/bin/../lib/gcc/arm-none-eabi/10.3.1/../../../../arm-none-eabi/lib/thumb/v7e-m+fp/hard\libm.a(lib_a-kf_rem_pio2.o)
 *(.eh_frame*)

.glue_7         0x00005548        0x0
 .glue_7        0x00005548        0x0 linker stubs

.glue_7t        0x00005548        0x0
 .glue_7t       0x00005548        0x0 linker stubs

.vfp11_veneer   0x00005548        0x0
 .vfp11_veneer  0x00005548        0x0 linker stubs

.v4_bx          0x00005548        0x0
 .v4_bx         0x00005548        0x0 linker stubs

.iplt           0x00005548        0x0
 .iplt          0x00005548        0x0 CMakeFiles\stackz_DEVICE.dir\src\game.c.obj

.rel.dyn        0x00005548        0x0
 .rel.iplt      0x00005548        0x0 CMakeFiles\stackz_DEVICE.dir\src\game.c.obj

.data           0x00005548      0x580
                0x00005548                __etext = .
                0x00005548                __data_start__ = .
 *(vtable)
 *(.data*)
 .data.cameraOrigin
                0x00005548        0xc CMakeFiles\stackz_DEVICE.dir\src\mini3d\3dhelper.c.obj
 .data.cameraUp
                0x00005554        0xc CMakeFiles\stackz_DEVICE.dir\src\mini3d\3dhelper.c.obj
 .data.identityMatrix
                0x00005560       0x34 CMakeFiles\stackz_DEVICE.dir\src\mini3d\3dmath.c.obj
                0x00005560                identityMatrix
 .data.patterns
                0x00005594      0x108 CMakeFiles\stackz_DEVICE.dir\src\mini3d\scene.c.obj
 .data._impure_ptr
                0x0000569c        0x4 c:/users/mike/downloads/gcc-arm-none-eabi-10.3-2021.10-win32/gcc-arm-none-eabi-10.3-2021.10/bin/../lib/gcc/arm-none-eabi/10.3.1/../../../../arm-none-eabi/lib/thumb/v7e-m+fp/hard\libc.a(lib_a-impure.o)
                0x0000569c                _impure_ptr
 .data.impure_data
                0x000056a0      0x428 c:/users/mike/downloads/gcc-arm-none-eabi-10.3-2021.10-win32/gcc-arm-none-eabi-10.3-2021.10/bin/../lib/gcc/arm-none-eabi/10.3.1/../../../../arm-none-eabi/lib/thumb/v7e-m+fp/hard\libc.a(lib_a-impure.o)
                0x00005ac8                . = ALIGN (0x4)
                [!provide]                PROVIDE (__preinit_array_start = .)
 *(.preinit_array)
                [!provide]                PROVIDE (__preinit_array_end = .)
                0x00005ac8                . = ALIGN (0x4)
                [!provide]                PROVIDE (__init_array_start = .)
 *(SORT_BY_NAME(.init_array.*))
 *(.init_array)
                [!provide]                PROVIDE (__init_array_end = .)
                0x00005ac8                . = ALIGN (0x4)
                [!provide]                PROVIDE (__fini_array_start = .)
 *(SORT_BY_NAME(.fini_array.*))
 *(.fini_array)
                [!provide]                PROVIDE (__fini_array_end = .)
                0x00005ac8                . = ALIGN (0x4)
                0x00005ac8                __data_end__ = .

.igot.plt       0x00005ac8        0x0
 .igot.plt      0x00005ac8        0x0 CMakeFiles\stackz_DEVICE.dir\src\game.c.obj

.bss            0x00005ac8    0x2ef34
                0x00005ac8                . = ALIGN (0x4)
                0x00005ac8                __bss_start__ = .
 *(.bss*)
 .bss.Game      0x00005ac8       0xf0 CMakeFiles\stackz_DEVICE.dir\src\game.c.obj
                0x00005ac8                Game
 .bss.display   0x00005bb8        0x4 CMakeFiles\stackz_DEVICE.dir\src\game.c.obj
                0x00005bb8                display
 .bss.file      0x00005bbc        0x4 CMakeFiles\stackz_DEVICE.dir\src\game.c.obj
                0x00005bbc                file
 .bss.gfx       0x00005bc0        0x4 CMakeFiles\stackz_DEVICE.dir\src\game.c.obj
                0x00005bc0                gfx
 .bss.sound     0x00005bc4        0x4 CMakeFiles\stackz_DEVICE.dir\src\game.c.obj
                0x00005bc4                sound
 .bss.sys       0x00005bc8        0x4 CMakeFiles\stackz_DEVICE.dir\src\game.c.obj
                0x00005bc8                sys
 .bss.activeNode
                0x00005bcc        0x4 CMakeFiles\stackz_DEVICE.dir\src\stackz.c.obj
 .bss.addv      0x00005bd0        0x4 CMakeFiles\stackz_DEVICE.dir\src\stackz.c.obj
                0x00005bd0                addv
 .bss.pushed    0x00005bd4        0x1 CMakeFiles\stackz_DEVICE.dir\src\stackz.c.obj
 *fill*         0x00005bd5        0x3 
 .bss.rootNode  0x00005bd8        0x4 CMakeFiles\stackz_DEVICE.dir\src\stackz.c.obj
 .bss.scene     0x00005bdc        0x4 CMakeFiles\stackz_DEVICE.dir\src\stackz.c.obj
 .bss.score     0x00005be0        0x4 CMakeFiles\stackz_DEVICE.dir\src\stackz.c.obj
 .bss.scorewidth
                0x00005be4        0x4 CMakeFiles\stackz_DEVICE.dir\src\stackz.c.obj
                0x00005be4                scorewidth
 .bss.stackNode
                0x00005be8        0x4 CMakeFiles\stackz_DEVICE.dir\src\stackz.c.obj
 .bss.stackNodeMatrix
                0x00005bec        0x4 CMakeFiles\stackz_DEVICE.dir\src\stackz.c.obj
 .bss.m3d_realloc
                0x00005bf0        0x4 CMakeFiles\stackz_DEVICE.dir\src\mini3d\mini3d.c.obj
                0x00005bf0                m3d_realloc
 .bss.zbuf      0x00005bf4    0x2ee00 CMakeFiles\stackz_DEVICE.dir\src\mini3d\render.c.obj
 .bss.zscale    0x000349f4        0x4 CMakeFiles\stackz_DEVICE.dir\src\mini3d\render.c.obj
 .bss.pdrealloc
                0x000349f8        0x4 CMakeFiles\stackz_DEVICE.dir\C_\Users\Mike\Documents\PlaydateSDK\C_API\buildsupport\setup.c.obj
 *(COMMON)
 *(COM)
                0x000349fc                . = ALIGN (0x4)
                0x000349fc                __bss_end__ = .

/DISCARD/
 *(.ARM.exidx)
OUTPUT(stackz_DEVICE.elf elf32-littlearm)
LOAD linker stubs

.debug_info     0x00000000    0x1ffd3
 .debug_info    0x00000000     0x6414 CMakeFiles\stackz_DEVICE.dir\src\game.c.obj
 .debug_info    0x00006414     0x5b18 CMakeFiles\stackz_DEVICE.dir\src\main.c.obj
 .debug_info    0x0000bf2c     0x7364 CMakeFiles\stackz_DEVICE.dir\src\stackz.c.obj
 .debug_info    0x00013290     0x1e94 CMakeFiles\stackz_DEVICE.dir\src\mini3d\3dhelper.c.obj
 .debug_info    0x00015124      0x700 CMakeFiles\stackz_DEVICE.dir\src\mini3d\3dmath.c.obj
 .debug_info    0x00015824       0xb0 CMakeFiles\stackz_DEVICE.dir\src\mini3d\mini3d.c.obj
 .debug_info    0x000158d4     0x1f00 CMakeFiles\stackz_DEVICE.dir\src\mini3d\render.c.obj
 .debug_info    0x000177d4     0x1db1 CMakeFiles\stackz_DEVICE.dir\src\mini3d\scene.c.obj
 .debug_info    0x00019585      0x4cf CMakeFiles\stackz_DEVICE.dir\src\mini3d\shape.c.obj
 .debug_info    0x00019a54     0x657f CMakeFiles\stackz_DEVICE.dir\C_\Users\Mike\Documents\PlaydateSDK\C_API\buildsupport\setup.c.obj

.debug_abbrev   0x00000000     0x1eee
 .debug_abbrev  0x00000000      0x37f CMakeFiles\stackz_DEVICE.dir\src\game.c.obj
 .debug_abbrev  0x0000037f      0x250 CMakeFiles\stackz_DEVICE.dir\src\main.c.obj
 .debug_abbrev  0x000005cf      0x49d CMakeFiles\stackz_DEVICE.dir\src\stackz.c.obj
 .debug_abbrev  0x00000a6c      0x3a8 CMakeFiles\stackz_DEVICE.dir\src\mini3d\3dhelper.c.obj
 .debug_abbrev  0x00000e14      0x228 CMakeFiles\stackz_DEVICE.dir\src\mini3d\3dmath.c.obj
 .debug_abbrev  0x0000103c       0xaa CMakeFiles\stackz_DEVICE.dir\src\mini3d\mini3d.c.obj
 .debug_abbrev  0x000010e6      0x3bb CMakeFiles\stackz_DEVICE.dir\src\mini3d\render.c.obj
 .debug_abbrev  0x000014a1      0x505 CMakeFiles\stackz_DEVICE.dir\src\mini3d\scene.c.obj
 .debug_abbrev  0x000019a6      0x238 CMakeFiles\stackz_DEVICE.dir\src\mini3d\shape.c.obj
 .debug_abbrev  0x00001bde      0x310 CMakeFiles\stackz_DEVICE.dir\C_\Users\Mike\Documents\PlaydateSDK\C_API\buildsupport\setup.c.obj

.debug_loc      0x00000000     0x8e05
 .debug_loc     0x00000000      0x13e CMakeFiles\stackz_DEVICE.dir\src\game.c.obj
 .debug_loc     0x0000013e       0xb9 CMakeFiles\stackz_DEVICE.dir\src\main.c.obj
 .debug_loc     0x000001f7      0x1f4 CMakeFiles\stackz_DEVICE.dir\src\stackz.c.obj
 .debug_loc     0x000003eb     0x19aa CMakeFiles\stackz_DEVICE.dir\src\mini3d\3dhelper.c.obj
 .debug_loc     0x00001d95      0xb3a CMakeFiles\stackz_DEVICE.dir\src\mini3d\3dmath.c.obj
 .debug_loc     0x000028cf     0x3ff8 CMakeFiles\stackz_DEVICE.dir\src\mini3d\render.c.obj
 .debug_loc     0x000068c7     0x1fdb CMakeFiles\stackz_DEVICE.dir\src\mini3d\scene.c.obj
 .debug_loc     0x000088a2      0x347 CMakeFiles\stackz_DEVICE.dir\src\mini3d\shape.c.obj
 .debug_loc     0x00008be9      0x21c CMakeFiles\stackz_DEVICE.dir\C_\Users\Mike\Documents\PlaydateSDK\C_API\buildsupport\setup.c.obj

.debug_aranges  0x00000000      0x350
 .debug_aranges
                0x00000000       0x28 CMakeFiles\stackz_DEVICE.dir\src\game.c.obj
 .debug_aranges
                0x00000028       0x20 CMakeFiles\stackz_DEVICE.dir\src\main.c.obj
 .debug_aranges
                0x00000048       0x30 CMakeFiles\stackz_DEVICE.dir\src\stackz.c.obj
 .debug_aranges
                0x00000078       0x98 CMakeFiles\stackz_DEVICE.dir\src\mini3d\3dhelper.c.obj
 .debug_aranges
                0x00000110       0x50 CMakeFiles\stackz_DEVICE.dir\src\mini3d\3dmath.c.obj
 .debug_aranges
                0x00000160       0x20 CMakeFiles\stackz_DEVICE.dir\src\mini3d\mini3d.c.obj
 .debug_aranges
                0x00000180       0x70 CMakeFiles\stackz_DEVICE.dir\src\mini3d\render.c.obj
 .debug_aranges
                0x000001f0       0xe0 CMakeFiles\stackz_DEVICE.dir\src\mini3d\scene.c.obj
 .debug_aranges
                0x000002d0       0x48 CMakeFiles\stackz_DEVICE.dir\src\mini3d\shape.c.obj
 .debug_aranges
                0x00000318       0x38 CMakeFiles\stackz_DEVICE.dir\C_\Users\Mike\Documents\PlaydateSDK\C_API\buildsupport\setup.c.obj

.debug_ranges   0x00000000     0x11d8
 .debug_ranges  0x00000000       0x98 CMakeFiles\stackz_DEVICE.dir\src\game.c.obj
 .debug_ranges  0x00000098       0x10 CMakeFiles\stackz_DEVICE.dir\src\main.c.obj
 .debug_ranges  0x000000a8      0x1c8 CMakeFiles\stackz_DEVICE.dir\src\stackz.c.obj
 .debug_ranges  0x00000270      0x558 CMakeFiles\stackz_DEVICE.dir\src\mini3d\3dhelper.c.obj
 .debug_ranges  0x000007c8       0x58 CMakeFiles\stackz_DEVICE.dir\src\mini3d\3dmath.c.obj
 .debug_ranges  0x00000820       0x10 CMakeFiles\stackz_DEVICE.dir\src\mini3d\mini3d.c.obj
 .debug_ranges  0x00000830      0x590 CMakeFiles\stackz_DEVICE.dir\src\mini3d\render.c.obj
 .debug_ranges  0x00000dc0      0x3a0 CMakeFiles\stackz_DEVICE.dir\src\mini3d\scene.c.obj
 .debug_ranges  0x00001160       0x50 CMakeFiles\stackz_DEVICE.dir\src\mini3d\shape.c.obj
 .debug_ranges  0x000011b0       0x28 CMakeFiles\stackz_DEVICE.dir\C_\Users\Mike\Documents\PlaydateSDK\C_API\buildsupport\setup.c.obj

.debug_line     0x00000000     0x5607
 .debug_line    0x00000000      0x586 CMakeFiles\stackz_DEVICE.dir\src\game.c.obj
 .debug_line    0x00000586      0x3bc CMakeFiles\stackz_DEVICE.dir\src\main.c.obj
 .debug_line    0x00000942      0x9a1 CMakeFiles\stackz_DEVICE.dir\src\stackz.c.obj
 .debug_line    0x000012e3      0xd9e CMakeFiles\stackz_DEVICE.dir\src\mini3d\3dhelper.c.obj
 .debug_line    0x00002081      0x397 CMakeFiles\stackz_DEVICE.dir\src\mini3d\3dmath.c.obj
 .debug_line    0x00002418       0xf7 CMakeFiles\stackz_DEVICE.dir\src\mini3d\mini3d.c.obj
 .debug_line    0x0000250f     0x13d2 CMakeFiles\stackz_DEVICE.dir\src\mini3d\render.c.obj
 .debug_line    0x000038e1     0x1315 CMakeFiles\stackz_DEVICE.dir\src\mini3d\scene.c.obj
 .debug_line    0x00004bf6      0x5b2 CMakeFiles\stackz_DEVICE.dir\src\mini3d\shape.c.obj
 .debug_line    0x000051a8      0x45f CMakeFiles\stackz_DEVICE.dir\C_\Users\Mike\Documents\PlaydateSDK\C_API\buildsupport\setup.c.obj

.debug_str      0x00000000     0x3dcc
 .debug_str     0x00000000     0x2b1e CMakeFiles\stackz_DEVICE.dir\src\game.c.obj
                               0x2da3 (size before relaxing)
 .debug_str     0x00002b1e       0xd0 CMakeFiles\stackz_DEVICE.dir\src\main.c.obj
                               0x2ab5 (size before relaxing)
 .debug_str     0x00002bee      0x7ab CMakeFiles\stackz_DEVICE.dir\src\stackz.c.obj
                               0x34f7 (size before relaxing)
 .debug_str     0x00003399      0x1ba CMakeFiles\stackz_DEVICE.dir\src\mini3d\3dhelper.c.obj
                                0x670 (size before relaxing)
 .debug_str     0x00003553       0xc5 CMakeFiles\stackz_DEVICE.dir\src\mini3d\3dmath.c.obj
                                0x2db (size before relaxing)
 .debug_str     0x00003618       0x23 CMakeFiles\stackz_DEVICE.dir\src\mini3d\mini3d.c.obj
                                0x185 (size before relaxing)
 .debug_str     0x0000363b      0x137 CMakeFiles\stackz_DEVICE.dir\src\mini3d\render.c.obj
                                0x397 (size before relaxing)
 .debug_str     0x00003772      0x1ef CMakeFiles\stackz_DEVICE.dir\src\mini3d\scene.c.obj
                                0x80a (size before relaxing)
 .debug_str     0x00003961       0x42 CMakeFiles\stackz_DEVICE.dir\src\mini3d\shape.c.obj
                                0x2d6 (size before relaxing)
 .debug_str     0x000039a3      0x429 CMakeFiles\stackz_DEVICE.dir\C_\Users\Mike\Documents\PlaydateSDK\C_API\buildsupport\setup.c.obj
                               0x2ed9 (size before relaxing)

.comment        0x00000000       0x49
 .comment       0x00000000       0x49 CMakeFiles\stackz_DEVICE.dir\src\game.c.obj
                                 0x4a (size before relaxing)
 .comment       0x00000049       0x4a CMakeFiles\stackz_DEVICE.dir\src\main.c.obj
 .comment       0x00000049       0x4a CMakeFiles\stackz_DEVICE.dir\src\stackz.c.obj
 .comment       0x00000049       0x4a CMakeFiles\stackz_DEVICE.dir\src\mini3d\3dhelper.c.obj
 .comment       0x00000049       0x4a CMakeFiles\stackz_DEVICE.dir\src\mini3d\3dmath.c.obj
 .comment       0x00000049       0x4a CMakeFiles\stackz_DEVICE.dir\src\mini3d\mini3d.c.obj
 .comment       0x00000049       0x4a CMakeFiles\stackz_DEVICE.dir\src\mini3d\render.c.obj
 .comment       0x00000049       0x4a CMakeFiles\stackz_DEVICE.dir\src\mini3d\scene.c.obj
 .comment       0x00000049       0x4a CMakeFiles\stackz_DEVICE.dir\src\mini3d\shape.c.obj
 .comment       0x00000049       0x4a CMakeFiles\stackz_DEVICE.dir\C_\Users\Mike\Documents\PlaydateSDK\C_API\buildsupport\setup.c.obj

.ARM.attributes
                0x00000000       0x32
 .ARM.attributes
                0x00000000       0x34 CMakeFiles\stackz_DEVICE.dir\src\game.c.obj
 .ARM.attributes
                0x00000034       0x34 CMakeFiles\stackz_DEVICE.dir\src\main.c.obj
 .ARM.attributes
                0x00000068       0x34 CMakeFiles\stackz_DEVICE.dir\src\stackz.c.obj
 .ARM.attributes
                0x0000009c       0x34 CMakeFiles\stackz_DEVICE.dir\src\mini3d\3dhelper.c.obj
 .ARM.attributes
                0x000000d0       0x34 CMakeFiles\stackz_DEVICE.dir\src\mini3d\3dmath.c.obj
 .ARM.attributes
                0x00000104       0x34 CMakeFiles\stackz_DEVICE.dir\src\mini3d\mini3d.c.obj
 .ARM.attributes
                0x00000138       0x34 CMakeFiles\stackz_DEVICE.dir\src\mini3d\render.c.obj
 .ARM.attributes
                0x0000016c       0x34 CMakeFiles\stackz_DEVICE.dir\src\mini3d\scene.c.obj
 .ARM.attributes
                0x000001a0       0x34 CMakeFiles\stackz_DEVICE.dir\src\mini3d\shape.c.obj
 .ARM.attributes
                0x000001d4       0x34 CMakeFiles\stackz_DEVICE.dir\C_\Users\Mike\Documents\PlaydateSDK\C_API\buildsupport\setup.c.obj
 .ARM.attributes
                0x00000208       0x1e c:/users/mike/downloads/gcc-arm-none-eabi-10.3-2021.10-win32/gcc-arm-none-eabi-10.3-2021.10/bin/../lib/gcc/arm-none-eabi/10.3.1/thumb/v7e-m+fp/hard\libgcc.a(_arm_addsubdf3.o)
 .ARM.attributes
                0x00000226       0x34 c:/users/mike/downloads/gcc-arm-none-eabi-10.3-2021.10-win32/gcc-arm-none-eabi-10.3-2021.10/bin/../lib/gcc/arm-none-eabi/10.3.1/../../../../arm-none-eabi/lib/thumb/v7e-m+fp/hard\libc.a(lib_a-malloc.o)
 .ARM.attributes
                0x0000025a       0x34 c:/users/mike/downloads/gcc-arm-none-eabi-10.3-2021.10-win32/gcc-arm-none-eabi-10.3-2021.10/bin/../lib/gcc/arm-none-eabi/10.3.1/../../../../arm-none-eabi/lib/thumb/v7e-m+fp/hard\libc.a(lib_a-memset.o)
 .ARM.attributes
                0x0000028e       0x34 c:/users/mike/downloads/gcc-arm-none-eabi-10.3-2021.10-win32/gcc-arm-none-eabi-10.3-2021.10/bin/../lib/gcc/arm-none-eabi/10.3.1/../../../../arm-none-eabi/lib/thumb/v7e-m+fp/hard\libc.a(lib_a-qsort.o)
 .ARM.attributes
                0x000002c2       0x1c c:/users/mike/downloads/gcc-arm-none-eabi-10.3-2021.10-win32/gcc-arm-none-eabi-10.3-2021.10/bin/../lib/gcc/arm-none-eabi/10.3.1/../../../../arm-none-eabi/lib/thumb/v7e-m+fp/hard\libc.a(lib_a-strlen.o)
 .ARM.attributes
                0x000002de       0x34 c:/users/mike/downloads/gcc-arm-none-eabi-10.3-2021.10-win32/gcc-arm-none-eabi-10.3-2021.10/bin/../lib/gcc/arm-none-eabi/10.3.1/../../../../arm-none-eabi/lib/thumb/v7e-m+fp/hard\libc.a(lib_a-impure.o)
 .ARM.attributes
                0x00000312       0x34 c:/users/mike/downloads/gcc-arm-none-eabi-10.3-2021.10-win32/gcc-arm-none-eabi-10.3-2021.10/bin/../lib/gcc/arm-none-eabi/10.3.1/../../../../arm-none-eabi/lib/thumb/v7e-m+fp/hard\libm.a(lib_a-sf_cos.o)
 .ARM.attributes
                0x00000346       0x34 c:/users/mike/downloads/gcc-arm-none-eabi-10.3-2021.10-win32/gcc-arm-none-eabi-10.3-2021.10/bin/../lib/gcc/arm-none-eabi/10.3.1/../../../../arm-none-eabi/lib/thumb/v7e-m+fp/hard\libm.a(lib_a-sf_sin.o)
 .ARM.attributes
                0x0000037a       0x34 c:/users/mike/downloads/gcc-arm-none-eabi-10.3-2021.10-win32/gcc-arm-none-eabi-10.3-2021.10/bin/../lib/gcc/arm-none-eabi/10.3.1/../../../../arm-none-eabi/lib/thumb/v7e-m+fp/hard\libm.a(lib_a-ef_rem_pio2.o)
 .ARM.attributes
                0x000003ae       0x34 c:/users/mike/downloads/gcc-arm-none-eabi-10.3-2021.10-win32/gcc-arm-none-eabi-10.3-2021.10/bin/../lib/gcc/arm-none-eabi/10.3.1/../../../../arm-none-eabi/lib/thumb/v7e-m+fp/hard\libm.a(lib_a-kf_cos.o)
 .ARM.attributes
                0x000003e2       0x34 c:/users/mike/downloads/gcc-arm-none-eabi-10.3-2021.10-win32/gcc-arm-none-eabi-10.3-2021.10/bin/../lib/gcc/arm-none-eabi/10.3.1/../../../../arm-none-eabi/lib/thumb/v7e-m+fp/hard\libm.a(lib_a-kf_rem_pio2.o)
 .ARM.attributes
                0x00000416       0x34 c:/users/mike/downloads/gcc-arm-none-eabi-10.3-2021.10-win32/gcc-arm-none-eabi-10.3-2021.10/bin/../lib/gcc/arm-none-eabi/10.3.1/../../../../arm-none-eabi/lib/thumb/v7e-m+fp/hard\libm.a(lib_a-kf_sin.o)
 .ARM.attributes
                0x0000044a       0x34 c:/users/mike/downloads/gcc-arm-none-eabi-10.3-2021.10-win32/gcc-arm-none-eabi-10.3-2021.10/bin/../lib/gcc/arm-none-eabi/10.3.1/../../../../arm-none-eabi/lib/thumb/v7e-m+fp/hard\libm.a(lib_a-sf_fabs.o)
 .ARM.attributes
                0x0000047e       0x34 c:/users/mike/downloads/gcc-arm-none-eabi-10.3-2021.10-win32/gcc-arm-none-eabi-10.3-2021.10/bin/../lib/gcc/arm-none-eabi/10.3.1/../../../../arm-none-eabi/lib/thumb/v7e-m+fp/hard\libm.a(lib_a-sf_floor.o)
 .ARM.attributes
                0x000004b2       0x34 c:/users/mike/downloads/gcc-arm-none-eabi-10.3-2021.10-win32/gcc-arm-none-eabi-10.3-2021.10/bin/../lib/gcc/arm-none-eabi/10.3.1/../../../../arm-none-eabi/lib/thumb/v7e-m+fp/hard\libm.a(lib_a-sf_scalbn.o)

.debug_frame    0x00000000      0xeec
 .debug_frame   0x00000000       0x5c CMakeFiles\stackz_DEVICE.dir\src\game.c.obj
 .debug_frame   0x0000005c       0x2c CMakeFiles\stackz_DEVICE.dir\src\main.c.obj
 .debug_frame   0x00000088       0xd8 CMakeFiles\stackz_DEVICE.dir\src\stackz.c.obj
 .debug_frame   0x00000160      0x244 CMakeFiles\stackz_DEVICE.dir\src\mini3d\3dhelper.c.obj
 .debug_frame   0x000003a4      0x11c CMakeFiles\stackz_DEVICE.dir\src\mini3d\3dmath.c.obj
 .debug_frame   0x000004c0       0x20 CMakeFiles\stackz_DEVICE.dir\src\mini3d\mini3d.c.obj
 .debug_frame   0x000004e0      0x230 CMakeFiles\stackz_DEVICE.dir\src\mini3d\render.c.obj
 .debug_frame   0x00000710      0x3b0 CMakeFiles\stackz_DEVICE.dir\src\mini3d\scene.c.obj
 .debug_frame   0x00000ac0       0xc8 CMakeFiles\stackz_DEVICE.dir\src\mini3d\shape.c.obj
 .debug_frame   0x00000b88       0x5c CMakeFiles\stackz_DEVICE.dir\C_\Users\Mike\Documents\PlaydateSDK\C_API\buildsupport\setup.c.obj
 .debug_frame   0x00000be4       0xac c:/users/mike/downloads/gcc-arm-none-eabi-10.3-2021.10-win32/gcc-arm-none-eabi-10.3-2021.10/bin/../lib/gcc/arm-none-eabi/10.3.1/thumb/v7e-m+fp/hard\libgcc.a(_arm_addsubdf3.o)
 .debug_frame   0x00000c90       0x30 c:/users/mike/downloads/gcc-arm-none-eabi-10.3-2021.10-win32/gcc-arm-none-eabi-10.3-2021.10/bin/../lib/gcc/arm-none-eabi/10.3.1/../../../../arm-none-eabi/lib/thumb/v7e-m+fp/hard\libc.a(lib_a-malloc.o)
 .debug_frame   0x00000cc0       0x2c c:/users/mike/downloads/gcc-arm-none-eabi-10.3-2021.10-win32/gcc-arm-none-eabi-10.3-2021.10/bin/../lib/gcc/arm-none-eabi/10.3.1/../../../../arm-none-eabi/lib/thumb/v7e-m+fp/hard\libc.a(lib_a-memset.o)
 .debug_frame   0x00000cec       0x44 c:/users/mike/downloads/gcc-arm-none-eabi-10.3-2021.10-win32/gcc-arm-none-eabi-10.3-2021.10/bin/../lib/gcc/arm-none-eabi/10.3.1/../../../../arm-none-eabi/lib/thumb/v7e-m+fp/hard\libc.a(lib_a-qsort.o)
 .debug_frame   0x00000d30       0x34 c:/users/mike/downloads/gcc-arm-none-eabi-10.3-2021.10-win32/gcc-arm-none-eabi-10.3-2021.10/bin/../lib/gcc/arm-none-eabi/10.3.1/../../../../arm-none-eabi/lib/thumb/v7e-m+fp/hard\libm.a(lib_a-sf_cos.o)
 .debug_frame   0x00000d64       0x34 c:/users/mike/downloads/gcc-arm-none-eabi-10.3-2021.10-win32/gcc-arm-none-eabi-10.3-2021.10/bin/../lib/gcc/arm-none-eabi/10.3.1/../../../../arm-none-eabi/lib/thumb/v7e-m+fp/hard\libm.a(lib_a-sf_sin.o)
 .debug_frame   0x00000d98       0x3c c:/users/mike/downloads/gcc-arm-none-eabi-10.3-2021.10-win32/gcc-arm-none-eabi-10.3-2021.10/bin/../lib/gcc/arm-none-eabi/10.3.1/../../../../arm-none-eabi/lib/thumb/v7e-m+fp/hard\libm.a(lib_a-ef_rem_pio2.o)
 .debug_frame   0x00000dd4       0x20 c:/users/mike/downloads/gcc-arm-none-eabi-10.3-2021.10-win32/gcc-arm-none-eabi-10.3-2021.10/bin/../lib/gcc/arm-none-eabi/10.3.1/../../../../arm-none-eabi/lib/thumb/v7e-m+fp/hard\libm.a(lib_a-kf_cos.o)
 .debug_frame   0x00000df4       0x5c c:/users/mike/downloads/gcc-arm-none-eabi-10.3-2021.10-win32/gcc-arm-none-eabi-10.3-2021.10/bin/../lib/gcc/arm-none-eabi/10.3.1/../../../../arm-none-eabi/lib/thumb/v7e-m+fp/hard\libm.a(lib_a-kf_rem_pio2.o)
 .debug_frame   0x00000e50       0x20 c:/users/mike/downloads/gcc-arm-none-eabi-10.3-2021.10-win32/gcc-arm-none-eabi-10.3-2021.10/bin/../lib/gcc/arm-none-eabi/10.3.1/../../../../arm-none-eabi/lib/thumb/v7e-m+fp/hard\libm.a(lib_a-kf_sin.o)
 .debug_frame   0x00000e70       0x20 c:/users/mike/downloads/gcc-arm-none-eabi-10.3-2021.10-win32/gcc-arm-none-eabi-10.3-2021.10/bin/../lib/gcc/arm-none-eabi/10.3.1/../../../../arm-none-eabi/lib/thumb/v7e-m+fp/hard\libm.a(lib_a-sf_fabs.o)
 .debug_frame   0x00000e90       0x20 c:/users/mike/downloads/gcc-arm-none-eabi-10.3-2021.10-win32/gcc-arm-none-eabi-10.3-2021.10/bin/../lib/gcc/arm-none-eabi/10.3.1/../../../../arm-none-eabi/lib/thumb/v7e-m+fp/hard\libm.a(lib_a-sf_floor.o)
 .debug_frame   0x00000eb0       0x3c c:/users/mike/downloads/gcc-arm-none-eabi-10.3-2021.10-win32/gcc-arm-none-eabi-10.3-2021.10/bin/../lib/gcc/arm-none-eabi/10.3.1/../../../../arm-none-eabi/lib/thumb/v7e-m+fp/hard\libm.a(lib_a-sf_scalbn.o)

Cross Reference Table

Symbol                                            File
ALL_PATTERNS                                      CMakeFiles\stackz_DEVICE.dir\src\stackz.c.obj
DITHER_PATTERNS                                   CMakeFiles\stackz_DEVICE.dir\src\stackz.c.obj
Game                                              CMakeFiles\stackz_DEVICE.dir\src\game.c.obj
                                                  CMakeFiles\stackz_DEVICE.dir\src\stackz.c.obj
InitGame                                          CMakeFiles\stackz_DEVICE.dir\src\game.c.obj
                                                  CMakeFiles\stackz_DEVICE.dir\src\main.c.obj
InitStackzSceneData                               CMakeFiles\stackz_DEVICE.dir\src\stackz.c.obj
                                                  CMakeFiles\stackz_DEVICE.dir\src\game.c.obj
LCD_PATTERN_BRICK                                 CMakeFiles\stackz_DEVICE.dir\src\stackz.c.obj
LCD_PATTERN_CHECKER_LG                            CMakeFiles\stackz_DEVICE.dir\src\stackz.c.obj
LCD_PATTERN_CHECKER_SM                            CMakeFiles\stackz_DEVICE.dir\src\stackz.c.obj
LCD_PATTERN_DIAG1                                 CMakeFiles\stackz_DEVICE.dir\src\stackz.c.obj
LCD_PATTERN_DIAG1_THICK                           CMakeFiles\stackz_DEVICE.dir\src\stackz.c.obj
LCD_PATTERN_DIAG1_THIN                            CMakeFiles\stackz_DEVICE.dir\src\stackz.c.obj
LCD_PATTERN_DIAG1_X_THIN                          CMakeFiles\stackz_DEVICE.dir\src\stackz.c.obj
LCD_PATTERN_DIAG2                                 CMakeFiles\stackz_DEVICE.dir\src\stackz.c.obj
LCD_PATTERN_DIAG2_THICK                           CMakeFiles\stackz_DEVICE.dir\src\stackz.c.obj
LCD_PATTERN_DIAG2_THIN                            CMakeFiles\stackz_DEVICE.dir\src\stackz.c.obj
LCD_PATTERN_DIAG2_XXX_THICK                       CMakeFiles\stackz_DEVICE.dir\src\stackz.c.obj
LCD_PATTERN_DIAG2_XXX_THIN                        CMakeFiles\stackz_DEVICE.dir\src\stackz.c.obj
LCD_PATTERN_DIAG2_XX_THICK                        CMakeFiles\stackz_DEVICE.dir\src\stackz.c.obj
LCD_PATTERN_DIAG2_XX_THIN                         CMakeFiles\stackz_DEVICE.dir\src\stackz.c.obj
LCD_PATTERN_DIAG2_X_THICK                         CMakeFiles\stackz_DEVICE.dir\src\stackz.c.obj
LCD_PATTERN_DIAG2_X_THIN                          CMakeFiles\stackz_DEVICE.dir\src\stackz.c.obj
LCD_PATTERN_DITHER_GREY05                         CMakeFiles\stackz_DEVICE.dir\src\stackz.c.obj
LCD_PATTERN_DITHER_GREY10                         CMakeFiles\stackz_DEVICE.dir\src\stackz.c.obj
LCD_PATTERN_DITHER_GREY15                         CMakeFiles\stackz_DEVICE.dir\src\stackz.c.obj
LCD_PATTERN_DITHER_GREY20                         CMakeFiles\stackz_DEVICE.dir\src\stackz.c.obj
LCD_PATTERN_DITHER_GREY25                         CMakeFiles\stackz_DEVICE.dir\src\stackz.c.obj
LCD_PATTERN_DITHER_GREY30                         CMakeFiles\stackz_DEVICE.dir\src\stackz.c.obj
LCD_PATTERN_DITHER_GREY35                         CMakeFiles\stackz_DEVICE.dir\src\stackz.c.obj
LCD_PATTERN_DITHER_GREY40                         CMakeFiles\stackz_DEVICE.dir\src\stackz.c.obj
LCD_PATTERN_DITHER_GREY45                         CMakeFiles\stackz_DEVICE.dir\src\stackz.c.obj
LCD_PATTERN_DITHER_GREY50                         CMakeFiles\stackz_DEVICE.dir\src\stackz.c.obj
LCD_PATTERN_DITHER_GREY50_ALT1                    CMakeFiles\stackz_DEVICE.dir\src\stackz.c.obj
LCD_PATTERN_DITHER_GREY50_ALT2                    CMakeFiles\stackz_DEVICE.dir\src\stackz.c.obj
LCD_PATTERN_DITHER_GREY55                         CMakeFiles\stackz_DEVICE.dir\src\stackz.c.obj
LCD_PATTERN_DITHER_GREY60                         CMakeFiles\stackz_DEVICE.dir\src\stackz.c.obj
LCD_PATTERN_DITHER_GREY65                         CMakeFiles\stackz_DEVICE.dir\src\stackz.c.obj
LCD_PATTERN_DITHER_GREY70                         CMakeFiles\stackz_DEVICE.dir\src\stackz.c.obj
LCD_PATTERN_DITHER_GREY75                         CMakeFiles\stackz_DEVICE.dir\src\stackz.c.obj
LCD_PATTERN_DITHER_GREY80                         CMakeFiles\stackz_DEVICE.dir\src\stackz.c.obj
LCD_PATTERN_DITHER_GREY85                         CMakeFiles\stackz_DEVICE.dir\src\stackz.c.obj
LCD_PATTERN_DITHER_GREY90                         CMakeFiles\stackz_DEVICE.dir\src\stackz.c.obj
LCD_PATTERN_DITHER_GREY95                         CMakeFiles\stackz_DEVICE.dir\src\stackz.c.obj
LCD_PATTERN_H_STRIPES_MEDIUM                      CMakeFiles\stackz_DEVICE.dir\src\stackz.c.obj
LCD_PATTERN_H_STRIPES_THICK                       CMakeFiles\stackz_DEVICE.dir\src\stackz.c.obj
LCD_PATTERN_H_STRIPES_THIN                        CMakeFiles\stackz_DEVICE.dir\src\stackz.c.obj
LCD_PATTERN_V_STRIPES_MEDIUM                      CMakeFiles\stackz_DEVICE.dir\src\stackz.c.obj
LCD_PATTERN_V_STRIPES_THICK                       CMakeFiles\stackz_DEVICE.dir\src\stackz.c.obj
LCD_PATTERN_V_STRIPES_THIN                        CMakeFiles\stackz_DEVICE.dir\src\stackz.c.obj
Matrix3DMake                                      CMakeFiles\stackz_DEVICE.dir\src\mini3d\3dmath.c.obj
                                                  CMakeFiles\stackz_DEVICE.dir\src\mini3d\scene.c.obj
Matrix3DMakeTranslate                             CMakeFiles\stackz_DEVICE.dir\src\mini3d\3dmath.c.obj
                                                  CMakeFiles\stackz_DEVICE.dir\src\mini3d\scene.c.obj
Matrix3D_apply                                    CMakeFiles\stackz_DEVICE.dir\src\mini3d\3dmath.c.obj
                                                  CMakeFiles\stackz_DEVICE.dir\src\mini3d\scene.c.obj
Matrix3D_getDeterminant                           CMakeFiles\stackz_DEVICE.dir\src\mini3d\3dmath.c.obj
Matrix3D_multiply                                 CMakeFiles\stackz_DEVICE.dir\src\mini3d\3dmath.c.obj
                                                  CMakeFiles\stackz_DEVICE.dir\src\mini3d\scene.c.obj
Scene3DNode_addShape                              CMakeFiles\stackz_DEVICE.dir\src\mini3d\scene.c.obj
                                                  CMakeFiles\stackz_DEVICE.dir\src\stackz.c.obj
Scene3DNode_addShapeWithOffset                    CMakeFiles\stackz_DEVICE.dir\src\mini3d\scene.c.obj
Scene3DNode_addShapeWithTransform                 CMakeFiles\stackz_DEVICE.dir\src\mini3d\scene.c.obj
Scene3DNode_addTransform                          CMakeFiles\stackz_DEVICE.dir\src\mini3d\scene.c.obj
                                                  CMakeFiles\stackz_DEVICE.dir\src\stackz.c.obj
Scene3DNode_deinit                                CMakeFiles\stackz_DEVICE.dir\src\mini3d\scene.c.obj
Scene3DNode_getRenderStyle                        CMakeFiles\stackz_DEVICE.dir\src\mini3d\scene.c.obj
                                                  CMakeFiles\stackz_DEVICE.dir\src\stackz.c.obj
Scene3DNode_init                                  CMakeFiles\stackz_DEVICE.dir\src\mini3d\scene.c.obj
Scene3DNode_newChild                              CMakeFiles\stackz_DEVICE.dir\src\mini3d\scene.c.obj
                                                  CMakeFiles\stackz_DEVICE.dir\src\stackz.c.obj
Scene3DNode_setColorBias                          CMakeFiles\stackz_DEVICE.dir\src\mini3d\scene.c.obj
Scene3DNode_setRenderStyle                        CMakeFiles\stackz_DEVICE.dir\src\mini3d\scene.c.obj
                                                  CMakeFiles\stackz_DEVICE.dir\src\stackz.c.obj
Scene3DNode_setTransform                          CMakeFiles\stackz_DEVICE.dir\src\mini3d\scene.c.obj
                                                  CMakeFiles\stackz_DEVICE.dir\src\mini3d\3dhelper.c.obj
                                                  CMakeFiles\stackz_DEVICE.dir\src\stackz.c.obj
Scene3DNode_setUsesZBuffer                        CMakeFiles\stackz_DEVICE.dir\src\mini3d\scene.c.obj
Scene3DNode_setVisible                            CMakeFiles\stackz_DEVICE.dir\src\mini3d\scene.c.obj
                                                  CMakeFiles\stackz_DEVICE.dir\src\stackz.c.obj
Scene3D_deinit                                    CMakeFiles\stackz_DEVICE.dir\src\mini3d\scene.c.obj
Scene3D_draw                                      CMakeFiles\stackz_DEVICE.dir\src\mini3d\scene.c.obj
                                                  CMakeFiles\stackz_DEVICE.dir\src\stackz.c.obj
Scene3D_drawNode                                  CMakeFiles\stackz_DEVICE.dir\src\mini3d\scene.c.obj
Scene3D_getRootNode                               CMakeFiles\stackz_DEVICE.dir\src\mini3d\scene.c.obj
                                                  CMakeFiles\stackz_DEVICE.dir\src\stackz.c.obj
Scene3D_init                                      CMakeFiles\stackz_DEVICE.dir\src\mini3d\scene.c.obj
                                                  CMakeFiles\stackz_DEVICE.dir\src\mini3d\3dhelper.c.obj
Scene3D_setCamera                                 CMakeFiles\stackz_DEVICE.dir\src\mini3d\scene.c.obj
                                                  CMakeFiles\stackz_DEVICE.dir\src\mini3d\3dhelper.c.obj
Scene3D_setCenter                                 CMakeFiles\stackz_DEVICE.dir\src\mini3d\scene.c.obj
Scene3D_setGlobalLight                            CMakeFiles\stackz_DEVICE.dir\src\mini3d\scene.c.obj
                                                  CMakeFiles\stackz_DEVICE.dir\src\mini3d\3dhelper.c.obj
Scene3D_updateNode                                CMakeFiles\stackz_DEVICE.dir\src\mini3d\scene.c.obj
Scene3D_updateShapeInstance                       CMakeFiles\stackz_DEVICE.dir\src\mini3d\scene.c.obj
Shape3D_addFace                                   CMakeFiles\stackz_DEVICE.dir\src\mini3d\shape.c.obj
                                                  CMakeFiles\stackz_DEVICE.dir\src\mini3d\3dhelper.c.obj
Shape3D_addPoint                                  CMakeFiles\stackz_DEVICE.dir\src\mini3d\shape.c.obj
Shape3D_init                                      CMakeFiles\stackz_DEVICE.dir\src\mini3d\shape.c.obj
                                                  CMakeFiles\stackz_DEVICE.dir\src\mini3d\3dhelper.c.obj
Shape3D_release                                   CMakeFiles\stackz_DEVICE.dir\src\mini3d\shape.c.obj
                                                  CMakeFiles\stackz_DEVICE.dir\src\mini3d\scene.c.obj
Shape3D_retain                                    CMakeFiles\stackz_DEVICE.dir\src\mini3d\shape.c.obj
                                                  CMakeFiles\stackz_DEVICE.dir\src\mini3d\scene.c.obj
                                                  CMakeFiles\stackz_DEVICE.dir\src\mini3d\3dhelper.c.obj
Shape3D_setClosed                                 CMakeFiles\stackz_DEVICE.dir\src\mini3d\shape.c.obj
                                                  CMakeFiles\stackz_DEVICE.dir\src\mini3d\3dhelper.c.obj
Update                                            CMakeFiles\stackz_DEVICE.dir\src\game.c.obj
                                                  CMakeFiles\stackz_DEVICE.dir\src\main.c.obj
Vector3D_normalize                                CMakeFiles\stackz_DEVICE.dir\src\mini3d\3dmath.c.obj
_Balloc                                           c:/users/mike/downloads/gcc-arm-none-eabi-10.3-2021.10-win32/gcc-arm-none-eabi-10.3-2021.10/bin/../lib/gcc/arm-none-eabi/10.3.1/../../../../arm-none-eabi/lib/thumb/v7e-m+fp/hard\libc.a(lib_a-mprec.o)
                                                  c:/users/mike/downloads/gcc-arm-none-eabi-10.3-2021.10-win32/gcc-arm-none-eabi-10.3-2021.10/bin/../lib/gcc/arm-none-eabi/10.3.1/../../../../arm-none-eabi/lib/thumb/v7e-m+fp/hard\libc.a(lib_a-dtoa.o)
_Bfree                                            c:/users/mike/downloads/gcc-arm-none-eabi-10.3-2021.10-win32/gcc-arm-none-eabi-10.3-2021.10/bin/../lib/gcc/arm-none-eabi/10.3.1/../../../../arm-none-eabi/lib/thumb/v7e-m+fp/hard\libc.a(lib_a-mprec.o)
                                                  c:/users/mike/downloads/gcc-arm-none-eabi-10.3-2021.10-win32/gcc-arm-none-eabi-10.3-2021.10/bin/../lib/gcc/arm-none-eabi/10.3.1/../../../../arm-none-eabi/lib/thumb/v7e-m+fp/hard\libc.a(lib_a-dtoa.o)
_PathLocale                                       c:/users/mike/downloads/gcc-arm-none-eabi-10.3-2021.10-win32/gcc-arm-none-eabi-10.3-2021.10/bin/../lib/gcc/arm-none-eabi/10.3.1/../../../../arm-none-eabi/lib/thumb/v7e-m+fp/hard\libc.a(lib_a-locale.o)
__adddf3                                          c:/users/mike/downloads/gcc-arm-none-eabi-10.3-2021.10-win32/gcc-arm-none-eabi-10.3-2021.10/bin/../lib/gcc/arm-none-eabi/10.3.1/thumb/v7e-m+fp/hard\libgcc.a(_arm_addsubdf3.o)
__aeabi_cdcmpeq                                   c:/users/mike/downloads/gcc-arm-none-eabi-10.3-2021.10-win32/gcc-arm-none-eabi-10.3-2021.10/bin/../lib/gcc/arm-none-eabi/10.3.1/thumb/v7e-m+fp/hard\libgcc.a(_arm_cmpdf2.o)
__aeabi_cdcmple                                   c:/users/mike/downloads/gcc-arm-none-eabi-10.3-2021.10-win32/gcc-arm-none-eabi-10.3-2021.10/bin/../lib/gcc/arm-none-eabi/10.3.1/thumb/v7e-m+fp/hard\libgcc.a(_arm_cmpdf2.o)
__aeabi_cdrcmple                                  c:/users/mike/downloads/gcc-arm-none-eabi-10.3-2021.10-win32/gcc-arm-none-eabi-10.3-2021.10/bin/../lib/gcc/arm-none-eabi/10.3.1/thumb/v7e-m+fp/hard\libgcc.a(_arm_cmpdf2.o)
__aeabi_d2iz                                      c:/users/mike/downloads/gcc-arm-none-eabi-10.3-2021.10-win32/gcc-arm-none-eabi-10.3-2021.10/bin/../lib/gcc/arm-none-eabi/10.3.1/thumb/v7e-m+fp/hard\libgcc.a(_arm_fixdfsi.o)
                                                  c:/users/mike/downloads/gcc-arm-none-eabi-10.3-2021.10-win32/gcc-arm-none-eabi-10.3-2021.10/bin/../lib/gcc/arm-none-eabi/10.3.1/../../../../arm-none-eabi/lib/thumb/v7e-m+fp/hard\libc.a(lib_a-dtoa.o)
                                                  c:/users/mike/downloads/gcc-arm-none-eabi-10.3-2021.10-win32/gcc-arm-none-eabi-10.3-2021.10/bin/../lib/gcc/arm-none-eabi/10.3.1/../../../../arm-none-eabi/lib/thumb/v7e-m+fp/hard\libc.a(lib_a-vfprintf.o)
__aeabi_dadd                                      c:/users/mike/downloads/gcc-arm-none-eabi-10.3-2021.10-win32/gcc-arm-none-eabi-10.3-2021.10/bin/../lib/gcc/arm-none-eabi/10.3.1/thumb/v7e-m+fp/hard\libgcc.a(_arm_addsubdf3.o)
                                                  c:/users/mike/downloads/gcc-arm-none-eabi-10.3-2021.10-win32/gcc-arm-none-eabi-10.3-2021.10/bin/../lib/gcc/arm-none-eabi/10.3.1/../../../../arm-none-eabi/lib/thumb/v7e-m+fp/hard\libc.a(lib_a-dtoa.o)
__aeabi_dcmpeq                                    c:/users/mike/downloads/gcc-arm-none-eabi-10.3-2021.10-win32/gcc-arm-none-eabi-10.3-2021.10/bin/../lib/gcc/arm-none-eabi/10.3.1/thumb/v7e-m+fp/hard\libgcc.a(_arm_cmpdf2.o)
                                                  c:/users/mike/downloads/gcc-arm-none-eabi-10.3-2021.10-win32/gcc-arm-none-eabi-10.3-2021.10/bin/../lib/gcc/arm-none-eabi/10.3.1/../../../../arm-none-eabi/lib/thumb/v7e-m+fp/hard\libc.a(lib_a-dtoa.o)
                                                  c:/users/mike/downloads/gcc-arm-none-eabi-10.3-2021.10-win32/gcc-arm-none-eabi-10.3-2021.10/bin/../lib/gcc/arm-none-eabi/10.3.1/../../../../arm-none-eabi/lib/thumb/v7e-m+fp/hard\libc.a(lib_a-vfprintf.o)
__aeabi_dcmpge                                    c:/users/mike/downloads/gcc-arm-none-eabi-10.3-2021.10-win32/gcc-arm-none-eabi-10.3-2021.10/bin/../lib/gcc/arm-none-eabi/10.3.1/thumb/v7e-m+fp/hard\libgcc.a(_arm_cmpdf2.o)
__aeabi_dcmpgt                                    c:/users/mike/downloads/gcc-arm-none-eabi-10.3-2021.10-win32/gcc-arm-none-eabi-10.3-2021.10/bin/../lib/gcc/arm-none-eabi/10.3.1/thumb/v7e-m+fp/hard\libgcc.a(_arm_cmpdf2.o)
                                                  c:/users/mike/downloads/gcc-arm-none-eabi-10.3-2021.10-win32/gcc-arm-none-eabi-10.3-2021.10/bin/../lib/gcc/arm-none-eabi/10.3.1/../../../../arm-none-eabi/lib/thumb/v7e-m+fp/hard\libc.a(lib_a-dtoa.o)
                                                  c:/users/mike/downloads/gcc-arm-none-eabi-10.3-2021.10-win32/gcc-arm-none-eabi-10.3-2021.10/bin/../lib/gcc/arm-none-eabi/10.3.1/../../../../arm-none-eabi/lib/thumb/v7e-m+fp/hard\libc.a(lib_a-vfprintf.o)
__aeabi_dcmple                                    c:/users/mike/downloads/gcc-arm-none-eabi-10.3-2021.10-win32/gcc-arm-none-eabi-10.3-2021.10/bin/../lib/gcc/arm-none-eabi/10.3.1/thumb/v7e-m+fp/hard\libgcc.a(_arm_cmpdf2.o)
                                                  c:/users/mike/downloads/gcc-arm-none-eabi-10.3-2021.10-win32/gcc-arm-none-eabi-10.3-2021.10/bin/../lib/gcc/arm-none-eabi/10.3.1/../../../../arm-none-eabi/lib/thumb/v7e-m+fp/hard\libc.a(lib_a-dtoa.o)
                                                  c:/users/mike/downloads/gcc-arm-none-eabi-10.3-2021.10-win32/gcc-arm-none-eabi-10.3-2021.10/bin/../lib/gcc/arm-none-eabi/10.3.1/../../../../arm-none-eabi/lib/thumb/v7e-m+fp/hard\libc.a(lib_a-vfprintf.o)
__aeabi_dcmplt                                    c:/users/mike/downloads/gcc-arm-none-eabi-10.3-2021.10-win32/gcc-arm-none-eabi-10.3-2021.10/bin/../lib/gcc/arm-none-eabi/10.3.1/thumb/v7e-m+fp/hard\libgcc.a(_arm_cmpdf2.o)
                                                  c:/users/mike/downloads/gcc-arm-none-eabi-10.3-2021.10-win32/gcc-arm-none-eabi-10.3-2021.10/bin/../lib/gcc/arm-none-eabi/10.3.1/../../../../arm-none-eabi/lib/thumb/v7e-m+fp/hard\libc.a(lib_a-dtoa.o)
                                                  c:/users/mike/downloads/gcc-arm-none-eabi-10.3-2021.10-win32/gcc-arm-none-eabi-10.3-2021.10/bin/../lib/gcc/arm-none-eabi/10.3.1/../../../../arm-none-eabi/lib/thumb/v7e-m+fp/hard\libc.a(lib_a-vfprintf.o)
__aeabi_dcmpun                                    c:/users/mike/downloads/gcc-arm-none-eabi-10.3-2021.10-win32/gcc-arm-none-eabi-10.3-2021.10/bin/../lib/gcc/arm-none-eabi/10.3.1/thumb/v7e-m+fp/hard\libgcc.a(_arm_unorddf2.o)
                                                  c:/users/mike/downloads/gcc-arm-none-eabi-10.3-2021.10-win32/gcc-arm-none-eabi-10.3-2021.10/bin/../lib/gcc/arm-none-eabi/10.3.1/../../../../arm-none-eabi/lib/thumb/v7e-m+fp/hard\libc.a(lib_a-vfprintf.o)
__aeabi_ddiv                                      c:/users/mike/downloads/gcc-arm-none-eabi-10.3-2021.10-win32/gcc-arm-none-eabi-10.3-2021.10/bin/../lib/gcc/arm-none-eabi/10.3.1/thumb/v7e-m+fp/hard\libgcc.a(_arm_muldivdf3.o)
                                                  c:/users/mike/downloads/gcc-arm-none-eabi-10.3-2021.10-win32/gcc-arm-none-eabi-10.3-2021.10/bin/../lib/gcc/arm-none-eabi/10.3.1/../../../../arm-none-eabi/lib/thumb/v7e-m+fp/hard\libc.a(lib_a-mprec.o)
                                                  c:/users/mike/downloads/gcc-arm-none-eabi-10.3-2021.10-win32/gcc-arm-none-eabi-10.3-2021.10/bin/../lib/gcc/arm-none-eabi/10.3.1/../../../../arm-none-eabi/lib/thumb/v7e-m+fp/hard\libc.a(lib_a-dtoa.o)
__aeabi_dmul                                      c:/users/mike/downloads/gcc-arm-none-eabi-10.3-2021.10-win32/gcc-arm-none-eabi-10.3-2021.10/bin/../lib/gcc/arm-none-eabi/10.3.1/thumb/v7e-m+fp/hard\libgcc.a(_arm_muldivdf3.o)
                                                  c:/users/mike/downloads/gcc-arm-none-eabi-10.3-2021.10-win32/gcc-arm-none-eabi-10.3-2021.10/bin/../lib/gcc/arm-none-eabi/10.3.1/thumb/v7e-m+fp/hard\libgcc.a(_arm_muldf3.o)
                                                  c:/users/mike/downloads/gcc-arm-none-eabi-10.3-2021.10-win32/gcc-arm-none-eabi-10.3-2021.10/bin/../lib/gcc/arm-none-eabi/10.3.1/../../../../arm-none-eabi/lib/thumb/v7e-m+fp/hard\libc.a(lib_a-s_frexp.o)
                                                  c:/users/mike/downloads/gcc-arm-none-eabi-10.3-2021.10-win32/gcc-arm-none-eabi-10.3-2021.10/bin/../lib/gcc/arm-none-eabi/10.3.1/../../../../arm-none-eabi/lib/thumb/v7e-m+fp/hard\libc.a(lib_a-mprec.o)
                                                  c:/users/mike/downloads/gcc-arm-none-eabi-10.3-2021.10-win32/gcc-arm-none-eabi-10.3-2021.10/bin/../lib/gcc/arm-none-eabi/10.3.1/../../../../arm-none-eabi/lib/thumb/v7e-m+fp/hard\libc.a(lib_a-dtoa.o)
                                                  c:/users/mike/downloads/gcc-arm-none-eabi-10.3-2021.10-win32/gcc-arm-none-eabi-10.3-2021.10/bin/../lib/gcc/arm-none-eabi/10.3.1/../../../../arm-none-eabi/lib/thumb/v7e-m+fp/hard\libc.a(lib_a-vfprintf.o)
__aeabi_drsub                                     c:/users/mike/downloads/gcc-arm-none-eabi-10.3-2021.10-win32/gcc-arm-none-eabi-10.3-2021.10/bin/../lib/gcc/arm-none-eabi/10.3.1/thumb/v7e-m+fp/hard\libgcc.a(_arm_addsubdf3.o)
__aeabi_dsub                                      c:/users/mike/downloads/gcc-arm-none-eabi-10.3-2021.10-win32/gcc-arm-none-eabi-10.3-2021.10/bin/../lib/gcc/arm-none-eabi/10.3.1/thumb/v7e-m+fp/hard\libgcc.a(_arm_addsubdf3.o)
                                                  c:/users/mike/downloads/gcc-arm-none-eabi-10.3-2021.10-win32/gcc-arm-none-eabi-10.3-2021.10/bin/../lib/gcc/arm-none-eabi/10.3.1/../../../../arm-none-eabi/lib/thumb/v7e-m+fp/hard\libc.a(lib_a-dtoa.o)
                                                  c:/users/mike/downloads/gcc-arm-none-eabi-10.3-2021.10-win32/gcc-arm-none-eabi-10.3-2021.10/bin/../lib/gcc/arm-none-eabi/10.3.1/../../../../arm-none-eabi/lib/thumb/v7e-m+fp/hard\libc.a(lib_a-vfprintf.o)
__aeabi_f2d                                       c:/users/mike/downloads/gcc-arm-none-eabi-10.3-2021.10-win32/gcc-arm-none-eabi-10.3-2021.10/bin/../lib/gcc/arm-none-eabi/10.3.1/thumb/v7e-m+fp/hard\libgcc.a(_arm_addsubdf3.o)
                                                  CMakeFiles\stackz_DEVICE.dir\src\mini3d\3dhelper.c.obj
                                                  CMakeFiles\stackz_DEVICE.dir\src\stackz.c.obj
__aeabi_i2d                                       c:/users/mike/downloads/gcc-arm-none-eabi-10.3-2021.10-win32/gcc-arm-none-eabi-10.3-2021.10/bin/../lib/gcc/arm-none-eabi/10.3.1/thumb/v7e-m+fp/hard\libgcc.a(_arm_addsubdf3.o)
                                                  c:/users/mike/downloads/gcc-arm-none-eabi-10.3-2021.10-win32/gcc-arm-none-eabi-10.3-2021.10/bin/../lib/gcc/arm-none-eabi/10.3.1/../../../../arm-none-eabi/lib/thumb/v7e-m+fp/hard\libc.a(lib_a-dtoa.o)
                                                  c:/users/mike/downloads/gcc-arm-none-eabi-10.3-2021.10-win32/gcc-arm-none-eabi-10.3-2021.10/bin/../lib/gcc/arm-none-eabi/10.3.1/../../../../arm-none-eabi/lib/thumb/v7e-m+fp/hard\libc.a(lib_a-vfprintf.o)
__aeabi_idiv0                                     c:/users/mike/downloads/gcc-arm-none-eabi-10.3-2021.10-win32/gcc-arm-none-eabi-10.3-2021.10/bin/../lib/gcc/arm-none-eabi/10.3.1/thumb/v7e-m+fp/hard\libgcc.a(_dvmd_tls.o)
__aeabi_l2d                                       c:/users/mike/downloads/gcc-arm-none-eabi-10.3-2021.10-win32/gcc-arm-none-eabi-10.3-2021.10/bin/../lib/gcc/arm-none-eabi/10.3.1/thumb/v7e-m+fp/hard\libgcc.a(_arm_addsubdf3.o)
__aeabi_ldiv0                                     c:/users/mike/downloads/gcc-arm-none-eabi-10.3-2021.10-win32/gcc-arm-none-eabi-10.3-2021.10/bin/../lib/gcc/arm-none-eabi/10.3.1/thumb/v7e-m+fp/hard\libgcc.a(_dvmd_tls.o)
                                                  c:/users/mike/downloads/gcc-arm-none-eabi-10.3-2021.10-win32/gcc-arm-none-eabi-10.3-2021.10/bin/../lib/gcc/arm-none-eabi/10.3.1/thumb/v7e-m+fp/hard\libgcc.a(_aeabi_uldivmod.o)
__aeabi_ui2d                                      c:/users/mike/downloads/gcc-arm-none-eabi-10.3-2021.10-win32/gcc-arm-none-eabi-10.3-2021.10/bin/../lib/gcc/arm-none-eabi/10.3.1/thumb/v7e-m+fp/hard\libgcc.a(_arm_addsubdf3.o)
                                                  c:/users/mike/downloads/gcc-arm-none-eabi-10.3-2021.10-win32/gcc-arm-none-eabi-10.3-2021.10/bin/../lib/gcc/arm-none-eabi/10.3.1/../../../../arm-none-eabi/lib/thumb/v7e-m+fp/hard\libc.a(lib_a-dtoa.o)
__aeabi_ul2d                                      c:/users/mike/downloads/gcc-arm-none-eabi-10.3-2021.10-win32/gcc-arm-none-eabi-10.3-2021.10/bin/../lib/gcc/arm-none-eabi/10.3.1/thumb/v7e-m+fp/hard\libgcc.a(_arm_addsubdf3.o)
__aeabi_uldivmod                                  c:/users/mike/downloads/gcc-arm-none-eabi-10.3-2021.10-win32/gcc-arm-none-eabi-10.3-2021.10/bin/../lib/gcc/arm-none-eabi/10.3.1/thumb/v7e-m+fp/hard\libgcc.a(_aeabi_uldivmod.o)
                                                  c:/users/mike/downloads/gcc-arm-none-eabi-10.3-2021.10-win32/gcc-arm-none-eabi-10.3-2021.10/bin/../lib/gcc/arm-none-eabi/10.3.1/../../../../arm-none-eabi/lib/thumb/v7e-m+fp/hard\libc.a(lib_a-vfiprintf.o)
                                                  c:/users/mike/downloads/gcc-arm-none-eabi-10.3-2021.10-win32/gcc-arm-none-eabi-10.3-2021.10/bin/../lib/gcc/arm-none-eabi/10.3.1/../../../../arm-none-eabi/lib/thumb/v7e-m+fp/hard\libc.a(lib_a-vfprintf.o)
__any_on                                          c:/users/mike/downloads/gcc-arm-none-eabi-10.3-2021.10-win32/gcc-arm-none-eabi-10.3-2021.10/bin/../lib/gcc/arm-none-eabi/10.3.1/../../../../arm-none-eabi/lib/thumb/v7e-m+fp/hard\libc.a(lib_a-mprec.o)
__ascii_mbtowc                                    c:/users/mike/downloads/gcc-arm-none-eabi-10.3-2021.10-win32/gcc-arm-none-eabi-10.3-2021.10/bin/../lib/gcc/arm-none-eabi/10.3.1/../../../../arm-none-eabi/lib/thumb/v7e-m+fp/hard\libc.a(lib_a-mbtowc_r.o)
                                                  c:/users/mike/downloads/gcc-arm-none-eabi-10.3-2021.10-win32/gcc-arm-none-eabi-10.3-2021.10/bin/../lib/gcc/arm-none-eabi/10.3.1/../../../../arm-none-eabi/lib/thumb/v7e-m+fp/hard\libc.a(lib_a-locale.o)
__ascii_wctomb                                    c:/users/mike/downloads/gcc-arm-none-eabi-10.3-2021.10-win32/gcc-arm-none-eabi-10.3-2021.10/bin/../lib/gcc/arm-none-eabi/10.3.1/../../../../arm-none-eabi/lib/thumb/v7e-m+fp/hard\libc.a(lib_a-wctomb_r.o)
                                                  c:/users/mike/downloads/gcc-arm-none-eabi-10.3-2021.10-win32/gcc-arm-none-eabi-10.3-2021.10/bin/../lib/gcc/arm-none-eabi/10.3.1/../../../../arm-none-eabi/lib/thumb/v7e-m+fp/hard\libc.a(lib_a-locale.o)
__assert                                          c:/users/mike/downloads/gcc-arm-none-eabi-10.3-2021.10-win32/gcc-arm-none-eabi-10.3-2021.10/bin/../lib/gcc/arm-none-eabi/10.3.1/../../../../arm-none-eabi/lib/thumb/v7e-m+fp/hard\libc.a(lib_a-assert.o)
__assert_func                                     c:/users/mike/downloads/gcc-arm-none-eabi-10.3-2021.10-win32/gcc-arm-none-eabi-10.3-2021.10/bin/../lib/gcc/arm-none-eabi/10.3.1/../../../../arm-none-eabi/lib/thumb/v7e-m+fp/hard\libc.a(lib_a-assert.o)
                                                  c:/users/mike/downloads/gcc-arm-none-eabi-10.3-2021.10-win32/gcc-arm-none-eabi-10.3-2021.10/bin/../lib/gcc/arm-none-eabi/10.3.1/../../../../arm-none-eabi/lib/thumb/v7e-m+fp/hard\libc.a(lib_a-mprec.o)
                                                  c:/users/mike/downloads/gcc-arm-none-eabi-10.3-2021.10-win32/gcc-arm-none-eabi-10.3-2021.10/bin/../lib/gcc/arm-none-eabi/10.3.1/../../../../arm-none-eabi/lib/thumb/v7e-m+fp/hard\libc.a(lib_a-dtoa.o)
__b2d                                             c:/users/mike/downloads/gcc-arm-none-eabi-10.3-2021.10-win32/gcc-arm-none-eabi-10.3-2021.10/bin/../lib/gcc/arm-none-eabi/10.3.1/../../../../arm-none-eabi/lib/thumb/v7e-m+fp/hard\libc.a(lib_a-mprec.o)
__cmpdf2                                          c:/users/mike/downloads/gcc-arm-none-eabi-10.3-2021.10-win32/gcc-arm-none-eabi-10.3-2021.10/bin/../lib/gcc/arm-none-eabi/10.3.1/thumb/v7e-m+fp/hard\libgcc.a(_arm_cmpdf2.o)
__copybits                                        c:/users/mike/downloads/gcc-arm-none-eabi-10.3-2021.10-win32/gcc-arm-none-eabi-10.3-2021.10/bin/../lib/gcc/arm-none-eabi/10.3.1/../../../../arm-none-eabi/lib/thumb/v7e-m+fp/hard\libc.a(lib_a-mprec.o)
__d2b                                             c:/users/mike/downloads/gcc-arm-none-eabi-10.3-2021.10-win32/gcc-arm-none-eabi-10.3-2021.10/bin/../lib/gcc/arm-none-eabi/10.3.1/../../../../arm-none-eabi/lib/thumb/v7e-m+fp/hard\libc.a(lib_a-mprec.o)
                                                  c:/users/mike/downloads/gcc-arm-none-eabi-10.3-2021.10-win32/gcc-arm-none-eabi-10.3-2021.10/bin/../lib/gcc/arm-none-eabi/10.3.1/../../../../arm-none-eabi/lib/thumb/v7e-m+fp/hard\libc.a(lib_a-dtoa.o)
__divdf3                                          c:/users/mike/downloads/gcc-arm-none-eabi-10.3-2021.10-win32/gcc-arm-none-eabi-10.3-2021.10/bin/../lib/gcc/arm-none-eabi/10.3.1/thumb/v7e-m+fp/hard\libgcc.a(_arm_muldivdf3.o)
__eqdf2                                           c:/users/mike/downloads/gcc-arm-none-eabi-10.3-2021.10-win32/gcc-arm-none-eabi-10.3-2021.10/bin/../lib/gcc/arm-none-eabi/10.3.1/thumb/v7e-m+fp/hard\libgcc.a(_arm_cmpdf2.o)
__errno                                           c:/users/mike/downloads/gcc-arm-none-eabi-10.3-2021.10-win32/gcc-arm-none-eabi-10.3-2021.10/bin/../lib/gcc/arm-none-eabi/10.3.1/../../../../arm-none-eabi/lib/thumb/v7e-m+fp/hard\libc.a(lib_a-errno.o)
                                                  c:/users/mike/downloads/gcc-arm-none-eabi-10.3-2021.10-win32/gcc-arm-none-eabi-10.3-2021.10/bin/../lib/gcc/arm-none-eabi/10.3.1/../../../../arm-none-eabi/lib/thumb/v7e-m+fp/hard\libc.a(lib_a-callocr.o)
__extendsfdf2                                     c:/users/mike/downloads/gcc-arm-none-eabi-10.3-2021.10-win32/gcc-arm-none-eabi-10.3-2021.10/bin/../lib/gcc/arm-none-eabi/10.3.1/thumb/v7e-m+fp/hard\libgcc.a(_arm_addsubdf3.o)
__fixdfsi                                         c:/users/mike/downloads/gcc-arm-none-eabi-10.3-2021.10-win32/gcc-arm-none-eabi-10.3-2021.10/bin/../lib/gcc/arm-none-eabi/10.3.1/thumb/v7e-m+fp/hard\libgcc.a(_arm_fixdfsi.o)
__floatdidf                                       c:/users/mike/downloads/gcc-arm-none-eabi-10.3-2021.10-win32/gcc-arm-none-eabi-10.3-2021.10/bin/../lib/gcc/arm-none-eabi/10.3.1/thumb/v7e-m+fp/hard\libgcc.a(_arm_addsubdf3.o)
__floatsidf                                       c:/users/mike/downloads/gcc-arm-none-eabi-10.3-2021.10-win32/gcc-arm-none-eabi-10.3-2021.10/bin/../lib/gcc/arm-none-eabi/10.3.1/thumb/v7e-m+fp/hard\libgcc.a(_arm_addsubdf3.o)
__floatundidf                                     c:/users/mike/downloads/gcc-arm-none-eabi-10.3-2021.10-win32/gcc-arm-none-eabi-10.3-2021.10/bin/../lib/gcc/arm-none-eabi/10.3.1/thumb/v7e-m+fp/hard\libgcc.a(_arm_addsubdf3.o)
__floatunsidf                                     c:/users/mike/downloads/gcc-arm-none-eabi-10.3-2021.10-win32/gcc-arm-none-eabi-10.3-2021.10/bin/../lib/gcc/arm-none-eabi/10.3.1/thumb/v7e-m+fp/hard\libgcc.a(_arm_addsubdf3.o)
__fp_lock_all                                     c:/users/mike/downloads/gcc-arm-none-eabi-10.3-2021.10-win32/gcc-arm-none-eabi-10.3-2021.10/bin/../lib/gcc/arm-none-eabi/10.3.1/../../../../arm-none-eabi/lib/thumb/v7e-m+fp/hard\libc.a(lib_a-findfp.o)
__fp_unlock_all                                   c:/users/mike/downloads/gcc-arm-none-eabi-10.3-2021.10-win32/gcc-arm-none-eabi-10.3-2021.10/bin/../lib/gcc/arm-none-eabi/10.3.1/../../../../arm-none-eabi/lib/thumb/v7e-m+fp/hard\libc.a(lib_a-findfp.o)
__fputwc                                          c:/users/mike/downloads/gcc-arm-none-eabi-10.3-2021.10-win32/gcc-arm-none-eabi-10.3-2021.10/bin/../lib/gcc/arm-none-eabi/10.3.1/../../../../arm-none-eabi/lib/thumb/v7e-m+fp/hard\libc.a(lib_a-fputwc.o)
__gedf2                                           c:/users/mike/downloads/gcc-arm-none-eabi-10.3-2021.10-win32/gcc-arm-none-eabi-10.3-2021.10/bin/../lib/gcc/arm-none-eabi/10.3.1/thumb/v7e-m+fp/hard\libgcc.a(_arm_cmpdf2.o)
__global_locale                                   c:/users/mike/downloads/gcc-arm-none-eabi-10.3-2021.10-win32/gcc-arm-none-eabi-10.3-2021.10/bin/../lib/gcc/arm-none-eabi/10.3.1/../../../../arm-none-eabi/lib/thumb/v7e-m+fp/hard\libc.a(lib_a-locale.o)
                                                  c:/users/mike/downloads/gcc-arm-none-eabi-10.3-2021.10-win32/gcc-arm-none-eabi-10.3-2021.10/bin/../lib/gcc/arm-none-eabi/10.3.1/../../../../arm-none-eabi/lib/thumb/v7e-m+fp/hard\libc.a(lib_a-wctomb_r.o)
                                                  c:/users/mike/downloads/gcc-arm-none-eabi-10.3-2021.10-win32/gcc-arm-none-eabi-10.3-2021.10/bin/../lib/gcc/arm-none-eabi/10.3.1/../../../../arm-none-eabi/lib/thumb/v7e-m+fp/hard\libc.a(lib_a-wcrtomb.o)
                                                  c:/users/mike/downloads/gcc-arm-none-eabi-10.3-2021.10-win32/gcc-arm-none-eabi-10.3-2021.10/bin/../lib/gcc/arm-none-eabi/10.3.1/../../../../arm-none-eabi/lib/thumb/v7e-m+fp/hard\libc.a(lib_a-mbtowc_r.o)
                                                  c:/users/mike/downloads/gcc-arm-none-eabi-10.3-2021.10-win32/gcc-arm-none-eabi-10.3-2021.10/bin/../lib/gcc/arm-none-eabi/10.3.1/../../../../arm-none-eabi/lib/thumb/v7e-m+fp/hard\libc.a(lib_a-localeconv.o)
__gtdf2                                           c:/users/mike/downloads/gcc-arm-none-eabi-10.3-2021.10-win32/gcc-arm-none-eabi-10.3-2021.10/bin/../lib/gcc/arm-none-eabi/10.3.1/thumb/v7e-m+fp/hard\libgcc.a(_arm_cmpdf2.o)
__hi0bits                                         c:/users/mike/downloads/gcc-arm-none-eabi-10.3-2021.10-win32/gcc-arm-none-eabi-10.3-2021.10/bin/../lib/gcc/arm-none-eabi/10.3.1/../../../../arm-none-eabi/lib/thumb/v7e-m+fp/hard\libc.a(lib_a-mprec.o)
                                                  c:/users/mike/downloads/gcc-arm-none-eabi-10.3-2021.10-win32/gcc-arm-none-eabi-10.3-2021.10/bin/../lib/gcc/arm-none-eabi/10.3.1/../../../../arm-none-eabi/lib/thumb/v7e-m+fp/hard\libc.a(lib_a-dtoa.o)
__i2b                                             c:/users/mike/downloads/gcc-arm-none-eabi-10.3-2021.10-win32/gcc-arm-none-eabi-10.3-2021.10/bin/../lib/gcc/arm-none-eabi/10.3.1/../../../../arm-none-eabi/lib/thumb/v7e-m+fp/hard\libc.a(lib_a-mprec.o)
                                                  c:/users/mike/downloads/gcc-arm-none-eabi-10.3-2021.10-win32/gcc-arm-none-eabi-10.3-2021.10/bin/../lib/gcc/arm-none-eabi/10.3.1/../../../../arm-none-eabi/lib/thumb/v7e-m+fp/hard\libc.a(lib_a-dtoa.o)
__ieee754_rem_pio2f                               c:/users/mike/downloads/gcc-arm-none-eabi-10.3-2021.10-win32/gcc-arm-none-eabi-10.3-2021.10/bin/../lib/gcc/arm-none-eabi/10.3.1/../../../../arm-none-eabi/lib/thumb/v7e-m+fp/hard\libm.a(lib_a-ef_rem_pio2.o)
                                                  c:/users/mike/downloads/gcc-arm-none-eabi-10.3-2021.10-win32/gcc-arm-none-eabi-10.3-2021.10/bin/../lib/gcc/arm-none-eabi/10.3.1/../../../../arm-none-eabi/lib/thumb/v7e-m+fp/hard\libm.a(lib_a-sf_sin.o)
                                                  c:/users/mike/downloads/gcc-arm-none-eabi-10.3-2021.10-win32/gcc-arm-none-eabi-10.3-2021.10/bin/../lib/gcc/arm-none-eabi/10.3.1/../../../../arm-none-eabi/lib/thumb/v7e-m+fp/hard\libm.a(lib_a-sf_cos.o)
__kernel_cosf                                     c:/users/mike/downloads/gcc-arm-none-eabi-10.3-2021.10-win32/gcc-arm-none-eabi-10.3-2021.10/bin/../lib/gcc/arm-none-eabi/10.3.1/../../../../arm-none-eabi/lib/thumb/v7e-m+fp/hard\libm.a(lib_a-kf_cos.o)
                                                  c:/users/mike/downloads/gcc-arm-none-eabi-10.3-2021.10-win32/gcc-arm-none-eabi-10.3-2021.10/bin/../lib/gcc/arm-none-eabi/10.3.1/../../../../arm-none-eabi/lib/thumb/v7e-m+fp/hard\libm.a(lib_a-sf_sin.o)
                                                  c:/users/mike/downloads/gcc-arm-none-eabi-10.3-2021.10-win32/gcc-arm-none-eabi-10.3-2021.10/bin/../lib/gcc/arm-none-eabi/10.3.1/../../../../arm-none-eabi/lib/thumb/v7e-m+fp/hard\libm.a(lib_a-sf_cos.o)
__kernel_rem_pio2f                                c:/users/mike/downloads/gcc-arm-none-eabi-10.3-2021.10-win32/gcc-arm-none-eabi-10.3-2021.10/bin/../lib/gcc/arm-none-eabi/10.3.1/../../../../arm-none-eabi/lib/thumb/v7e-m+fp/hard\libm.a(lib_a-kf_rem_pio2.o)
                                                  c:/users/mike/downloads/gcc-arm-none-eabi-10.3-2021.10-win32/gcc-arm-none-eabi-10.3-2021.10/bin/../lib/gcc/arm-none-eabi/10.3.1/../../../../arm-none-eabi/lib/thumb/v7e-m+fp/hard\libm.a(lib_a-ef_rem_pio2.o)
__kernel_sinf                                     c:/users/mike/downloads/gcc-arm-none-eabi-10.3-2021.10-win32/gcc-arm-none-eabi-10.3-2021.10/bin/../lib/gcc/arm-none-eabi/10.3.1/../../../../arm-none-eabi/lib/thumb/v7e-m+fp/hard\libm.a(lib_a-kf_sin.o)
                                                  c:/users/mike/downloads/gcc-arm-none-eabi-10.3-2021.10-win32/gcc-arm-none-eabi-10.3-2021.10/bin/../lib/gcc/arm-none-eabi/10.3.1/../../../../arm-none-eabi/lib/thumb/v7e-m+fp/hard\libm.a(lib_a-sf_sin.o)
                                                  c:/users/mike/downloads/gcc-arm-none-eabi-10.3-2021.10-win32/gcc-arm-none-eabi-10.3-2021.10/bin/../lib/gcc/arm-none-eabi/10.3.1/../../../../arm-none-eabi/lib/thumb/v7e-m+fp/hard\libm.a(lib_a-sf_cos.o)
__ledf2                                           c:/users/mike/downloads/gcc-arm-none-eabi-10.3-2021.10-win32/gcc-arm-none-eabi-10.3-2021.10/bin/../lib/gcc/arm-none-eabi/10.3.1/thumb/v7e-m+fp/hard\libgcc.a(_arm_cmpdf2.o)
__lo0bits                                         c:/users/mike/downloads/gcc-arm-none-eabi-10.3-2021.10-win32/gcc-arm-none-eabi-10.3-2021.10/bin/../lib/gcc/arm-none-eabi/10.3.1/../../../../arm-none-eabi/lib/thumb/v7e-m+fp/hard\libc.a(lib_a-mprec.o)
__locale_mb_cur_max                               c:/users/mike/downloads/gcc-arm-none-eabi-10.3-2021.10-win32/gcc-arm-none-eabi-10.3-2021.10/bin/../lib/gcc/arm-none-eabi/10.3.1/../../../../arm-none-eabi/lib/thumb/v7e-m+fp/hard\libc.a(lib_a-locale.o)
                                                  c:/users/mike/downloads/gcc-arm-none-eabi-10.3-2021.10-win32/gcc-arm-none-eabi-10.3-2021.10/bin/../lib/gcc/arm-none-eabi/10.3.1/../../../../arm-none-eabi/lib/thumb/v7e-m+fp/hard\libc.a(lib_a-fputwc.o)
__localeconv_l                                    c:/users/mike/downloads/gcc-arm-none-eabi-10.3-2021.10-win32/gcc-arm-none-eabi-10.3-2021.10/bin/../lib/gcc/arm-none-eabi/10.3.1/../../../../arm-none-eabi/lib/thumb/v7e-m+fp/hard\libc.a(lib_a-localeconv.o)
__lock___arc4random_mutex                         c:/users/mike/downloads/gcc-arm-none-eabi-10.3-2021.10-win32/gcc-arm-none-eabi-10.3-2021.10/bin/../lib/gcc/arm-none-eabi/10.3.1/../../../../arm-none-eabi/lib/thumb/v7e-m+fp/hard\libc.a(lib_a-lock.o)
__lock___at_quick_exit_mutex                      c:/users/mike/downloads/gcc-arm-none-eabi-10.3-2021.10-win32/gcc-arm-none-eabi-10.3-2021.10/bin/../lib/gcc/arm-none-eabi/10.3.1/../../../../arm-none-eabi/lib/thumb/v7e-m+fp/hard\libc.a(lib_a-lock.o)
__lock___atexit_recursive_mutex                   c:/users/mike/downloads/gcc-arm-none-eabi-10.3-2021.10-win32/gcc-arm-none-eabi-10.3-2021.10/bin/../lib/gcc/arm-none-eabi/10.3.1/../../../../arm-none-eabi/lib/thumb/v7e-m+fp/hard\libc.a(lib_a-lock.o)
__lock___dd_hash_mutex                            c:/users/mike/downloads/gcc-arm-none-eabi-10.3-2021.10-win32/gcc-arm-none-eabi-10.3-2021.10/bin/../lib/gcc/arm-none-eabi/10.3.1/../../../../arm-none-eabi/lib/thumb/v7e-m+fp/hard\libc.a(lib_a-lock.o)
__lock___env_recursive_mutex                      c:/users/mike/downloads/gcc-arm-none-eabi-10.3-2021.10-win32/gcc-arm-none-eabi-10.3-2021.10/bin/../lib/gcc/arm-none-eabi/10.3.1/../../../../arm-none-eabi/lib/thumb/v7e-m+fp/hard\libc.a(lib_a-lock.o)
__lock___malloc_recursive_mutex                   c:/users/mike/downloads/gcc-arm-none-eabi-10.3-2021.10-win32/gcc-arm-none-eabi-10.3-2021.10/bin/../lib/gcc/arm-none-eabi/10.3.1/../../../../arm-none-eabi/lib/thumb/v7e-m+fp/hard\libc.a(lib_a-lock.o)
__lock___sfp_recursive_mutex                      c:/users/mike/downloads/gcc-arm-none-eabi-10.3-2021.10-win32/gcc-arm-none-eabi-10.3-2021.10/bin/../lib/gcc/arm-none-eabi/10.3.1/../../../../arm-none-eabi/lib/thumb/v7e-m+fp/hard\libc.a(lib_a-lock.o)
                                                  c:/users/mike/downloads/gcc-arm-none-eabi-10.3-2021.10-win32/gcc-arm-none-eabi-10.3-2021.10/bin/../lib/gcc/arm-none-eabi/10.3.1/../../../../arm-none-eabi/lib/thumb/v7e-m+fp/hard\libc.a(lib_a-findfp.o)
__lock___sinit_recursive_mutex                    c:/users/mike/downloads/gcc-arm-none-eabi-10.3-2021.10-win32/gcc-arm-none-eabi-10.3-2021.10/bin/../lib/gcc/arm-none-eabi/10.3.1/../../../../arm-none-eabi/lib/thumb/v7e-m+fp/hard\libc.a(lib_a-lock.o)
                                                  c:/users/mike/downloads/gcc-arm-none-eabi-10.3-2021.10-win32/gcc-arm-none-eabi-10.3-2021.10/bin/../lib/gcc/arm-none-eabi/10.3.1/../../../../arm-none-eabi/lib/thumb/v7e-m+fp/hard\libc.a(lib_a-findfp.o)
__lock___tz_mutex                                 c:/users/mike/downloads/gcc-arm-none-eabi-10.3-2021.10-win32/gcc-arm-none-eabi-10.3-2021.10/bin/../lib/gcc/arm-none-eabi/10.3.1/../../../../arm-none-eabi/lib/thumb/v7e-m+fp/hard\libc.a(lib_a-lock.o)
__lshift                                          c:/users/mike/downloads/gcc-arm-none-eabi-10.3-2021.10-win32/gcc-arm-none-eabi-10.3-2021.10/bin/../lib/gcc/arm-none-eabi/10.3.1/../../../../arm-none-eabi/lib/thumb/v7e-m+fp/hard\libc.a(lib_a-mprec.o)
                                                  c:/users/mike/downloads/gcc-arm-none-eabi-10.3-2021.10-win32/gcc-arm-none-eabi-10.3-2021.10/bin/../lib/gcc/arm-none-eabi/10.3.1/../../../../arm-none-eabi/lib/thumb/v7e-m+fp/hard\libc.a(lib_a-dtoa.o)
__ltdf2                                           c:/users/mike/downloads/gcc-arm-none-eabi-10.3-2021.10-win32/gcc-arm-none-eabi-10.3-2021.10/bin/../lib/gcc/arm-none-eabi/10.3.1/thumb/v7e-m+fp/hard\libgcc.a(_arm_cmpdf2.o)
__mcmp                                            c:/users/mike/downloads/gcc-arm-none-eabi-10.3-2021.10-win32/gcc-arm-none-eabi-10.3-2021.10/bin/../lib/gcc/arm-none-eabi/10.3.1/../../../../arm-none-eabi/lib/thumb/v7e-m+fp/hard\libc.a(lib_a-mprec.o)
                                                  c:/users/mike/downloads/gcc-arm-none-eabi-10.3-2021.10-win32/gcc-arm-none-eabi-10.3-2021.10/bin/../lib/gcc/arm-none-eabi/10.3.1/../../../../arm-none-eabi/lib/thumb/v7e-m+fp/hard\libc.a(lib_a-dtoa.o)
__mdiff                                           c:/users/mike/downloads/gcc-arm-none-eabi-10.3-2021.10-win32/gcc-arm-none-eabi-10.3-2021.10/bin/../lib/gcc/arm-none-eabi/10.3.1/../../../../arm-none-eabi/lib/thumb/v7e-m+fp/hard\libc.a(lib_a-mprec.o)
                                                  c:/users/mike/downloads/gcc-arm-none-eabi-10.3-2021.10-win32/gcc-arm-none-eabi-10.3-2021.10/bin/../lib/gcc/arm-none-eabi/10.3.1/../../../../arm-none-eabi/lib/thumb/v7e-m+fp/hard\libc.a(lib_a-dtoa.o)
__mprec_bigtens                                   c:/users/mike/downloads/gcc-arm-none-eabi-10.3-2021.10-win32/gcc-arm-none-eabi-10.3-2021.10/bin/../lib/gcc/arm-none-eabi/10.3.1/../../../../arm-none-eabi/lib/thumb/v7e-m+fp/hard\libc.a(lib_a-mprec.o)
                                                  c:/users/mike/downloads/gcc-arm-none-eabi-10.3-2021.10-win32/gcc-arm-none-eabi-10.3-2021.10/bin/../lib/gcc/arm-none-eabi/10.3.1/../../../../arm-none-eabi/lib/thumb/v7e-m+fp/hard\libc.a(lib_a-dtoa.o)
__mprec_tens                                      c:/users/mike/downloads/gcc-arm-none-eabi-10.3-2021.10-win32/gcc-arm-none-eabi-10.3-2021.10/bin/../lib/gcc/arm-none-eabi/10.3.1/../../../../arm-none-eabi/lib/thumb/v7e-m+fp/hard\libc.a(lib_a-mprec.o)
                                                  c:/users/mike/downloads/gcc-arm-none-eabi-10.3-2021.10-win32/gcc-arm-none-eabi-10.3-2021.10/bin/../lib/gcc/arm-none-eabi/10.3.1/../../../../arm-none-eabi/lib/thumb/v7e-m+fp/hard\libc.a(lib_a-dtoa.o)
__mprec_tinytens                                  c:/users/mike/downloads/gcc-arm-none-eabi-10.3-2021.10-win32/gcc-arm-none-eabi-10.3-2021.10/bin/../lib/gcc/arm-none-eabi/10.3.1/../../../../arm-none-eabi/lib/thumb/v7e-m+fp/hard\libc.a(lib_a-mprec.o)
__muldf3                                          c:/users/mike/downloads/gcc-arm-none-eabi-10.3-2021.10-win32/gcc-arm-none-eabi-10.3-2021.10/bin/../lib/gcc/arm-none-eabi/10.3.1/thumb/v7e-m+fp/hard\libgcc.a(_arm_muldivdf3.o)
                                                  c:/users/mike/downloads/gcc-arm-none-eabi-10.3-2021.10-win32/gcc-arm-none-eabi-10.3-2021.10/bin/../lib/gcc/arm-none-eabi/10.3.1/thumb/v7e-m+fp/hard\libgcc.a(_arm_muldf3.o)
__multadd                                         c:/users/mike/downloads/gcc-arm-none-eabi-10.3-2021.10-win32/gcc-arm-none-eabi-10.3-2021.10/bin/../lib/gcc/arm-none-eabi/10.3.1/../../../../arm-none-eabi/lib/thumb/v7e-m+fp/hard\libc.a(lib_a-mprec.o)
                                                  c:/users/mike/downloads/gcc-arm-none-eabi-10.3-2021.10-win32/gcc-arm-none-eabi-10.3-2021.10/bin/../lib/gcc/arm-none-eabi/10.3.1/../../../../arm-none-eabi/lib/thumb/v7e-m+fp/hard\libc.a(lib_a-dtoa.o)
__multiply                                        c:/users/mike/downloads/gcc-arm-none-eabi-10.3-2021.10-win32/gcc-arm-none-eabi-10.3-2021.10/bin/../lib/gcc/arm-none-eabi/10.3.1/../../../../arm-none-eabi/lib/thumb/v7e-m+fp/hard\libc.a(lib_a-mprec.o)
                                                  c:/users/mike/downloads/gcc-arm-none-eabi-10.3-2021.10-win32/gcc-arm-none-eabi-10.3-2021.10/bin/../lib/gcc/arm-none-eabi/10.3.1/../../../../arm-none-eabi/lib/thumb/v7e-m+fp/hard\libc.a(lib_a-dtoa.o)
__nedf2                                           c:/users/mike/downloads/gcc-arm-none-eabi-10.3-2021.10-win32/gcc-arm-none-eabi-10.3-2021.10/bin/../lib/gcc/arm-none-eabi/10.3.1/thumb/v7e-m+fp/hard\libgcc.a(_arm_cmpdf2.o)
__pow5mult                                        c:/users/mike/downloads/gcc-arm-none-eabi-10.3-2021.10-win32/gcc-arm-none-eabi-10.3-2021.10/bin/../lib/gcc/arm-none-eabi/10.3.1/../../../../arm-none-eabi/lib/thumb/v7e-m+fp/hard\libc.a(lib_a-mprec.o)
                                                  c:/users/mike/downloads/gcc-arm-none-eabi-10.3-2021.10-win32/gcc-arm-none-eabi-10.3-2021.10/bin/../lib/gcc/arm-none-eabi/10.3.1/../../../../arm-none-eabi/lib/thumb/v7e-m+fp/hard\libc.a(lib_a-dtoa.o)
__ratio                                           c:/users/mike/downloads/gcc-arm-none-eabi-10.3-2021.10-win32/gcc-arm-none-eabi-10.3-2021.10/bin/../lib/gcc/arm-none-eabi/10.3.1/../../../../arm-none-eabi/lib/thumb/v7e-m+fp/hard\libc.a(lib_a-mprec.o)
__retarget_lock_acquire                           c:/users/mike/downloads/gcc-arm-none-eabi-10.3-2021.10-win32/gcc-arm-none-eabi-10.3-2021.10/bin/../lib/gcc/arm-none-eabi/10.3.1/../../../../arm-none-eabi/lib/thumb/v7e-m+fp/hard\libc.a(lib_a-lock.o)
__retarget_lock_acquire_recursive                 c:/users/mike/downloads/gcc-arm-none-eabi-10.3-2021.10-win32/gcc-arm-none-eabi-10.3-2021.10/bin/../lib/gcc/arm-none-eabi/10.3.1/../../../../arm-none-eabi/lib/thumb/v7e-m+fp/hard\libc.a(lib_a-lock.o)
                                                  c:/users/mike/downloads/gcc-arm-none-eabi-10.3-2021.10-win32/gcc-arm-none-eabi-10.3-2021.10/bin/../lib/gcc/arm-none-eabi/10.3.1/../../../../arm-none-eabi/lib/thumb/v7e-m+fp/hard\libc.a(lib_a-fputwc.o)
                                                  c:/users/mike/downloads/gcc-arm-none-eabi-10.3-2021.10-win32/gcc-arm-none-eabi-10.3-2021.10/bin/../lib/gcc/arm-none-eabi/10.3.1/../../../../arm-none-eabi/lib/thumb/v7e-m+fp/hard\libc.a(lib_a-fclose.o)
                                                  c:/users/mike/downloads/gcc-arm-none-eabi-10.3-2021.10-win32/gcc-arm-none-eabi-10.3-2021.10/bin/../lib/gcc/arm-none-eabi/10.3.1/../../../../arm-none-eabi/lib/thumb/v7e-m+fp/hard\libc.a(lib_a-vfiprintf.o)
                                                  c:/users/mike/downloads/gcc-arm-none-eabi-10.3-2021.10-win32/gcc-arm-none-eabi-10.3-2021.10/bin/../lib/gcc/arm-none-eabi/10.3.1/../../../../arm-none-eabi/lib/thumb/v7e-m+fp/hard\libc.a(lib_a-findfp.o)
                                                  c:/users/mike/downloads/gcc-arm-none-eabi-10.3-2021.10-win32/gcc-arm-none-eabi-10.3-2021.10/bin/../lib/gcc/arm-none-eabi/10.3.1/../../../../arm-none-eabi/lib/thumb/v7e-m+fp/hard\libc.a(lib_a-fflush.o)
                                                  c:/users/mike/downloads/gcc-arm-none-eabi-10.3-2021.10-win32/gcc-arm-none-eabi-10.3-2021.10/bin/../lib/gcc/arm-none-eabi/10.3.1/../../../../arm-none-eabi/lib/thumb/v7e-m+fp/hard\libc.a(lib_a-vfprintf.o)
__retarget_lock_close                             c:/users/mike/downloads/gcc-arm-none-eabi-10.3-2021.10-win32/gcc-arm-none-eabi-10.3-2021.10/bin/../lib/gcc/arm-none-eabi/10.3.1/../../../../arm-none-eabi/lib/thumb/v7e-m+fp/hard\libc.a(lib_a-lock.o)
__retarget_lock_close_recursive                   c:/users/mike/downloads/gcc-arm-none-eabi-10.3-2021.10-win32/gcc-arm-none-eabi-10.3-2021.10/bin/../lib/gcc/arm-none-eabi/10.3.1/../../../../arm-none-eabi/lib/thumb/v7e-m+fp/hard\libc.a(lib_a-lock.o)
                                                  c:/users/mike/downloads/gcc-arm-none-eabi-10.3-2021.10-win32/gcc-arm-none-eabi-10.3-2021.10/bin/../lib/gcc/arm-none-eabi/10.3.1/../../../../arm-none-eabi/lib/thumb/v7e-m+fp/hard\libc.a(lib_a-fclose.o)
                                                  c:/users/mike/downloads/gcc-arm-none-eabi-10.3-2021.10-win32/gcc-arm-none-eabi-10.3-2021.10/bin/../lib/gcc/arm-none-eabi/10.3.1/../../../../arm-none-eabi/lib/thumb/v7e-m+fp/hard\libc.a(lib_a-vfiprintf.o)
                                                  c:/users/mike/downloads/gcc-arm-none-eabi-10.3-2021.10-win32/gcc-arm-none-eabi-10.3-2021.10/bin/../lib/gcc/arm-none-eabi/10.3.1/../../../../arm-none-eabi/lib/thumb/v7e-m+fp/hard\libc.a(lib_a-vfprintf.o)
__retarget_lock_init                              c:/users/mike/downloads/gcc-arm-none-eabi-10.3-2021.10-win32/gcc-arm-none-eabi-10.3-2021.10/bin/../lib/gcc/arm-none-eabi/10.3.1/../../../../arm-none-eabi/lib/thumb/v7e-m+fp/hard\libc.a(lib_a-lock.o)
__retarget_lock_init_recursive                    c:/users/mike/downloads/gcc-arm-none-eabi-10.3-2021.10-win32/gcc-arm-none-eabi-10.3-2021.10/bin/../lib/gcc/arm-none-eabi/10.3.1/../../../../arm-none-eabi/lib/thumb/v7e-m+fp/hard\libc.a(lib_a-lock.o)
                                                  c:/users/mike/downloads/gcc-arm-none-eabi-10.3-2021.10-win32/gcc-arm-none-eabi-10.3-2021.10/bin/../lib/gcc/arm-none-eabi/10.3.1/../../../../arm-none-eabi/lib/thumb/v7e-m+fp/hard\libc.a(lib_a-vfiprintf.o)
                                                  c:/users/mike/downloads/gcc-arm-none-eabi-10.3-2021.10-win32/gcc-arm-none-eabi-10.3-2021.10/bin/../lib/gcc/arm-none-eabi/10.3.1/../../../../arm-none-eabi/lib/thumb/v7e-m+fp/hard\libc.a(lib_a-findfp.o)
                                                  c:/users/mike/downloads/gcc-arm-none-eabi-10.3-2021.10-win32/gcc-arm-none-eabi-10.3-2021.10/bin/../lib/gcc/arm-none-eabi/10.3.1/../../../../arm-none-eabi/lib/thumb/v7e-m+fp/hard\libc.a(lib_a-vfprintf.o)
__retarget_lock_release                           c:/users/mike/downloads/gcc-arm-none-eabi-10.3-2021.10-win32/gcc-arm-none-eabi-10.3-2021.10/bin/../lib/gcc/arm-none-eabi/10.3.1/../../../../arm-none-eabi/lib/thumb/v7e-m+fp/hard\libc.a(lib_a-lock.o)